
 Start         Length     Name                   Class
 0001:00401000 0005B0C0H .text                   CODE
 0002:0045D000 00000720H .itext                  ICODE
 0003:0045E000 00001B68H .data                   DATA
 0004:00460000 000035E0H .bss                    BSS
 0005:00000000 00000034H .tls                    TLS


Detailed map of segments

 0001:00000000 000053ED C=CODE     S=.text    G=(none)   M=System   ACBP=A9
 0001:000053F0 00000105 C=CODE     S=.text    G=(none)   M=SysInit  ACBP=A9
 0001:000054F8 00000058 C=CODE     S=.text    G=(none)   M=Types    ACBP=A9
 0001:00005550 00000C38 C=CODE     S=.text    G=(none)   M=Windows  ACBP=A9
 0001:00006188 000002D8 C=CODE     S=.text    G=(none)   M=SysConst ACBP=A9
 0001:00006460 00006A2D C=CODE     S=.text    G=(none)   M=SysUtils ACBP=A9
 0001:0000CE90 000007EE C=CODE     S=.text    G=(none)   M=VarUtils ACBP=A9
 0001:0000D680 00002990 C=CODE     S=.text    G=(none)   M=Variants ACBP=A9
 0001:00010010 000000F8 C=CODE     S=.text    G=(none)   M=RTLConsts ACBP=A9
 0001:00010108 00000887 C=CODE     S=.text    G=(none)   M=TypInfo  ACBP=A9
 0001:00010990 00009C49 C=CODE     S=.text    G=(none)   M=Classes  ACBP=A9
 0001:0001A5DC 00000275 C=CODE     S=.text    G=(none)   M=Contnrs  ACBP=A9
 0001:0001A854 00001100 C=CODE     S=.text    G=(none)   M=HelpIntfs ACBP=A9
 0001:0001B954 00000772 C=CODE     S=.text    G=(none)   M=MultiMon ACBP=A9
 0001:0001C0C8 0000009E C=CODE     S=.text    G=(none)   M=CommCtrl ACBP=A9
 0001:0001C168 00000240 C=CODE     S=.text    G=(none)   M=Consts   ACBP=A9
 0001:0001C3A8 0000005D C=CODE     S=.text    G=(none)   M=IniFiles ACBP=A9
 0001:0001C408 000005AD C=CODE     S=.text    G=(none)   M=Registry ACBP=A9
 0001:0001C9B8 0000905A C=CODE     S=.text    G=(none)   M=Graphics ACBP=A9
 0001:00025A14 0000016A C=CODE     S=.text    G=(none)   M=SyncObjs ACBP=A9
 0001:00025B80 0000099D C=CODE     S=.text    G=(none)   M=UxTheme  ACBP=A9
 0001:00026520 00005254 C=CODE     S=.text    G=(none)   M=StdCtrls ACBP=A9
 0001:0002B774 0000003A C=CODE     S=.text    G=(none)   M=Printers ACBP=A9
 0001:0002B7B0 00000D59 C=CODE     S=.text    G=(none)   M=GraphUtil ACBP=A9
 0001:0002C50C 00000EF6 C=CODE     S=.text    G=(none)   M=ExtCtrls ACBP=A9
 0001:0002D404 0000137C C=CODE     S=.text    G=(none)   M=Dialogs  ACBP=A9
 0001:0002E780 0000003A C=CODE     S=.text    G=(none)   M=Clipbrd  ACBP=A9
 0001:0002E7BC 0000012D C=CODE     S=.text    G=(none)   M=StdActns ACBP=A9
 0001:0002E8EC 0000030E C=CODE     S=.text    G=(none)   M=FlatSB   ACBP=A9
 0001:0002EBFC 00000BBE C=CODE     S=.text    G=(none)   M=Themes   ACBP=A9
 0001:0002F7BC 00006A81 C=CODE     S=.text    G=(none)   M=Menus    ACBP=A9
 0001:00036240 000137BC C=CODE     S=.text    G=(none)   M=Controls ACBP=A9
 0001:000499FC 000016B5 C=CODE     S=.text    G=(none)   M=ImgList  ACBP=A9
 0001:0004B0B4 00001332 C=CODE     S=.text    G=(none)   M=ActnList ACBP=A9
 0001:0004C3E8 0000DF88 C=CODE     S=.text    G=(none)   M=Forms    ACBP=A9
 0001:0005A370 00000B87 C=CODE     S=.text    G=(none)   M=main     ACBP=A9
 0001:0005AEF8 000001C8 C=CODE     S=.text    G=(none)   M=possession_time ACBP=A9
 0002:00000000 00000095 C=ICODE    S=.itext   G=(none)   M=System   ACBP=A9
 0002:00000098 00000011 C=ICODE    S=.itext   G=(none)   M=Windows  ACBP=A9
 0002:000000AC 00000088 C=ICODE    S=.itext   G=(none)   M=SysUtils ACBP=A9
 0002:00000134 0000000F C=ICODE    S=.itext   G=(none)   M=VarUtils ACBP=A9
 0002:00000144 000000AA C=ICODE    S=.itext   G=(none)   M=Variants ACBP=A9
 0002:000001F0 00000008 C=ICODE    S=.itext   G=(none)   M=TypInfo  ACBP=A9
 0002:000001F8 00000092 C=ICODE    S=.itext   G=(none)   M=Classes  ACBP=A9
 0002:0000028C 00000008 C=ICODE    S=.itext   G=(none)   M=HelpIntfs ACBP=A9
 0002:00000294 0000000F C=ICODE    S=.itext   G=(none)   M=MultiMon ACBP=A9
 0002:000002A4 00000008 C=ICODE    S=.itext   G=(none)   M=IniFiles ACBP=A9
 0002:000002AC 00000008 C=ICODE    S=.itext   G=(none)   M=Registry ACBP=A9
 0002:000002B4 000000FB C=ICODE    S=.itext   G=(none)   M=Graphics ACBP=A9
 0002:000003B0 0000001B C=ICODE    S=.itext   G=(none)   M=UxTheme  ACBP=A9
 0002:000003CC 00000008 C=ICODE    S=.itext   G=(none)   M=Printers ACBP=A9
 0002:000003D4 0000007F C=ICODE    S=.itext   G=(none)   M=GraphUtil ACBP=A9
 0002:00000454 00000044 C=ICODE    S=.itext   G=(none)   M=ExtCtrls ACBP=A9
 0002:00000498 0000003D C=ICODE    S=.itext   G=(none)   M=Dialogs  ACBP=A9
 0002:000004D8 00000058 C=ICODE    S=.itext   G=(none)   M=Clipbrd  ACBP=A9
 0002:00000530 0000000F C=ICODE    S=.itext   G=(none)   M=FlatSB   ACBP=A9
 0002:00000540 00000008 C=ICODE    S=.itext   G=(none)   M=Themes   ACBP=A9
 0002:00000548 00000085 C=ICODE    S=.itext   G=(none)   M=Menus    ACBP=A9
 0002:000005D0 0000008F C=ICODE    S=.itext   G=(none)   M=Controls ACBP=A9
 0002:00000660 0000002A C=ICODE    S=.itext   G=(none)   M=ActnList ACBP=A9
 0002:0000068C 0000004C C=ICODE    S=.itext   G=(none)   M=Forms    ACBP=A9
 0002:000006D8 00000045 C=ICODE    S=.itext   G=(none)   M=possession_time ACBP=A9
 0003:00000000 00000788 C=DATA     S=.data    G=DGROUP   M=System   ACBP=A9
 0003:00000788 00000020 C=DATA     S=.data    G=DGROUP   M=SysInit  ACBP=A9
 0003:000007A8 00000250 C=DATA     S=.data    G=DGROUP   M=SysUtils ACBP=A9
 0003:000009F8 00000008 C=DATA     S=.data    G=DGROUP   M=VarUtils ACBP=A9
 0003:00000A00 0000008E C=DATA     S=.data    G=DGROUP   M=Variants ACBP=A9
 0003:00000A90 0000000C C=DATA     S=.data    G=DGROUP   M=TypInfo  ACBP=A9
 0003:00000A9C 00000064 C=DATA     S=.data    G=DGROUP   M=Classes  ACBP=A9
 0003:00000B00 00000008 C=DATA     S=.data    G=DGROUP   M=IniFiles ACBP=A9
 0003:00000B08 00000008 C=DATA     S=.data    G=DGROUP   M=Registry ACBP=A9
 0003:00000B10 0000030C C=DATA     S=.data    G=DGROUP   M=Graphics ACBP=A9
 0003:00000E1C 0000006C C=DATA     S=.data    G=DGROUP   M=StdCtrls ACBP=A9
 0003:00000E88 00000004 C=DATA     S=.data    G=DGROUP   M=Printers ACBP=A9
 0003:00000E8C 00000450 C=DATA     S=.data    G=DGROUP   M=GraphUtil ACBP=A9
 0003:000012DC 000000B4 C=DATA     S=.data    G=DGROUP   M=Dialogs  ACBP=A9
 0003:00001390 00000068 C=DATA     S=.data    G=DGROUP   M=Themes   ACBP=A9
 0003:000013F8 000000F4 C=DATA     S=.data    G=DGROUP   M=Menus    ACBP=A9
 0003:000014EC 0000013C C=DATA     S=.data    G=DGROUP   M=Controls ACBP=A9
 0003:00001628 00000020 C=DATA     S=.data    G=DGROUP   M=ImgList  ACBP=A9
 0003:00001648 00000128 C=DATA     S=.data    G=DGROUP   M=Forms    ACBP=A9
 0004:00000000 000027F0 C=BSS      S=.bss     G=DGROUP   M=System   ACBP=A9
 0004:000027F0 0000000C C=BSS      S=.bss     G=DGROUP   M=SysInit  ACBP=A9
 0004:000027FC 00000008 C=BSS      S=.bss     G=DGROUP   M=Windows  ACBP=A9
 0004:00002804 00000A20 C=BSS      S=.bss     G=DGROUP   M=SysUtils ACBP=A9
 0004:00003224 0000005C C=BSS      S=.bss     G=DGROUP   M=VarUtils ACBP=A9
 0004:00003280 00000040 C=BSS      S=.bss     G=DGROUP   M=Variants ACBP=A9
 0004:000032C0 00000004 C=BSS      S=.bss     G=DGROUP   M=TypInfo  ACBP=A9
 0004:000032C4 00000040 C=BSS      S=.bss     G=DGROUP   M=Classes  ACBP=A9
 0004:00003304 00000008 C=BSS      S=.bss     G=DGROUP   M=HelpIntfs ACBP=A9
 0004:0000330C 00000031 C=BSS      S=.bss     G=DGROUP   M=MultiMon ACBP=A9
 0004:00003340 00000004 C=BSS      S=.bss     G=DGROUP   M=IniFiles ACBP=A9
 0004:00003344 00000004 C=BSS      S=.bss     G=DGROUP   M=Registry ACBP=A9
 0004:00003348 00000060 C=BSS      S=.bss     G=DGROUP   M=Graphics ACBP=A9
 0004:000033A8 000000CC C=BSS      S=.bss     G=DGROUP   M=UxTheme  ACBP=A9
 0004:00003474 00000004 C=BSS      S=.bss     G=DGROUP   M=Printers ACBP=A9
 0004:00003478 00000004 C=BSS      S=.bss     G=DGROUP   M=GraphUtil ACBP=A9
 0004:0000347C 00000008 C=BSS      S=.bss     G=DGROUP   M=ExtCtrls ACBP=A9
 0004:00003484 00000038 C=BSS      S=.bss     G=DGROUP   M=Dialogs  ACBP=A9
 0004:000034BC 0000000C C=BSS      S=.bss     G=DGROUP   M=Clipbrd  ACBP=A9
 0004:000034C8 00000034 C=BSS      S=.bss     G=DGROUP   M=FlatSB   ACBP=A9
 0004:000034FC 00000008 C=BSS      S=.bss     G=DGROUP   M=Themes   ACBP=A9
 0004:00003504 00000010 C=BSS      S=.bss     G=DGROUP   M=Menus    ACBP=A9
 0004:00003514 00000088 C=BSS      S=.bss     G=DGROUP   M=Controls ACBP=A9
 0004:0000359C 00000008 C=BSS      S=.bss     G=DGROUP   M=ImgList  ACBP=A9
 0004:000035A4 00000004 C=BSS      S=.bss     G=DGROUP   M=ActnList ACBP=A9
 0004:000035A8 00000024 C=BSS      S=.bss     G=DGROUP   M=Forms    ACBP=A9
 0004:000035CC 00000012 C=BSS      S=.bss     G=DGROUP   M=main     ACBP=A9
 0005:00000000 00000008 C=TLS      S=.tls     G=(none)   M=System   ACBP=A9
 0005:00000008 00000008 C=TLS      S=.tls     G=(none)   M=Classes  ACBP=A9
 0005:00000010 00000024 C=TLS      S=.tls     G=(none)   M=GraphUtil ACBP=A9


  Address             Publics by Name

 0004:000035A4       ActnList..9
 0001:0004B4DC       ActnList..TActionLink
 0001:0004B0B4       ActnList..TContainedAction
 0001:0004B3D4       ActnList..TCustomAction
 0001:0004B1D8       ActnList..TCustomActionList
 0001:0004B2B8       ActnList..TShortCutList
 0002:00000660       ActnList.ActnList
 0001:0004C3B8       ActnList.Finalization
 0001:0004BBCC       ActnList.TActionLink.IsCaptionLinked
 0001:0004BBE0       ActnList.TActionLink.IsCheckedLinked
 0001:0004BBF4       ActnList.TActionLink.IsEnabledLinked
 0001:0004BC08       ActnList.TActionLink.IsGroupIndexLinked
 0001:0004BC1C       ActnList.TActionLink.IsHelpContextLinked
 0001:0004BC30       ActnList.TActionLink.IsHelpLinked
 0001:0004BC44       ActnList.TActionLink.IsHintLinked
 0001:0004BC58       ActnList.TActionLink.IsImageIndexLinked
 0001:0004BC6C       ActnList.TActionLink.IsShortCutLinked
 0001:0004BC80       ActnList.TActionLink.IsVisibleLinked
 0001:0004BC94       ActnList.TActionLink.SetAutoCheck
 0001:0004BC98       ActnList.TActionLink.SetCaption
 0001:0004BC9C       ActnList.TActionLink.SetChecked
 0001:0004BCA0       ActnList.TActionLink.SetEnabled
 0001:0004BCA4       ActnList.TActionLink.SetGroupIndex
 0001:0004BCA8       ActnList.TActionLink.SetHelpContext
 0001:0004BCAC       ActnList.TActionLink.SetHelpKeyword
 0001:0004BCB0       ActnList.TActionLink.SetHelpType
 0001:0004BCB4       ActnList.TActionLink.SetHint
 0001:0004BCB8       ActnList.TActionLink.SetImageIndex
 0001:0004BCBC       ActnList.TActionLink.SetShortCut
 0001:0004BCC0       ActnList.TActionLink.SetVisible
 0001:0004B5AC       ActnList.TContainedAction.Destroy
 0001:0004B718       ActnList.TContainedAction.Execute
 0001:0004B5E0       ActnList.TContainedAction.GetIndex
 0001:0004B5FC       ActnList.TContainedAction.GetParentComponent
 0001:0004B60C       ActnList.TContainedAction.HasParent
 0001:0004B5F8       ActnList.TContainedAction.IsCategoryStored
 0001:0004B61C       ActnList.TContainedAction.ReadState
 0001:0004B6C4       ActnList.TContainedAction.SetActionList
 0001:0004B698       ActnList.TContainedAction.SetCategory
 0001:0004B650       ActnList.TContainedAction.SetIndex
 0001:0004B6EC       ActnList.TContainedAction.SetParentComponent
 0001:0004B770       ActnList.TContainedAction.Update
 0001:0004BD68       ActnList.TCustomAction.AssignTo
 0001:0004BCC4       ActnList.TCustomAction.Create
 0001:0004BD18       ActnList.TCustomAction.Destroy
 0001:0004C288       ActnList.TCustomAction.DoHint
 0001:0004C2B0       ActnList.TCustomAction.Execute
 0001:0004C314       ActnList.TCustomAction.GetSecondaryShortCuts
 0001:0004C33C       ActnList.TCustomAction.HandleShortCut
 0001:0004BE18       ActnList.TCustomAction.SetCaption
 0001:0004BE78       ActnList.TCustomAction.SetChecked
 0001:0004BF80       ActnList.TCustomAction.SetEnabled
 0001:0004C064       ActnList.TCustomAction.SetHelpContext
 0001:0004BFFC       ActnList.TCustomAction.SetHelpKeyword
 0001:0004C0BC       ActnList.TCustomAction.SetHint
 0001:0004C11C       ActnList.TCustomAction.SetImageIndex
 0001:0004C23C       ActnList.TCustomAction.SetName
 0001:0004C178       ActnList.TCustomAction.SetShortCut
 0001:0004C1DC       ActnList.TCustomAction.SetVisible
 0001:0004B9A0       ActnList.TCustomActionList.AddAction
 0001:0004B9DC       ActnList.TCustomActionList.Change
 0001:0004B7C8       ActnList.TCustomActionList.Create
 0001:0004B834       ActnList.TCustomActionList.Destroy
 0001:0004BAE8       ActnList.TCustomActionList.ExecuteAction
 0001:0004B8FC       ActnList.TCustomActionList.GetAction
 0001:0004B910       ActnList.TCustomActionList.GetActionCount
 0001:0004B884       ActnList.TCustomActionList.GetChildren
 0001:0004B94C       ActnList.TCustomActionList.ImageListChange
 0001:0004BA44       ActnList.TCustomActionList.IsShortCut
 0001:0004B958       ActnList.TCustomActionList.Notification
 0001:0004B9C0       ActnList.TCustomActionList.RemoveAction
 0001:0004B8CC       ActnList.TCustomActionList.SetChildOrder
 0001:0004B918       ActnList.TCustomActionList.SetImages
 0001:0004BB28       ActnList.TCustomActionList.SetState
 0001:0004BB08       ActnList.TCustomActionList.UpdateAction
 0001:0004C348       ActnList.TShortCutList.Add
 0001:0004C374       ActnList.TShortCutList.IndexOfShortCut
 0004:000032D0       Classes..95
 0001:00010F00       Classes..EBitsError
 0001:00010DF0       Classes..EClassNotFound
 0001:00010FB8       Classes..EComponentError
 0001:00010C34       Classes..EFCreateError
 0001:00010CE8       Classes..EFilerError
 0001:00010BD4       Classes..EFileStreamError
 0001:00010C90       Classes..EFOpenError
 0001:00011070       Classes..EInvalidOperation
 0001:00010EA8       Classes..EListError
 0001:00011014       Classes..EOutOfResources
 0001:00010D40       Classes..EReadError
 0001:00010E4C       Classes..EResNotFound
 0001:00010B78       Classes..EStreamError
 0001:00010F58       Classes..EStringListError
 0001:00011BDC       Classes..EThread
 0001:00010D98       Classes..EWriteError
 0001:00011F04       Classes..TBasicAction
 0001:00011E84       Classes..TBasicActionLink
 0001:0001118C       Classes..TBits
 0001:00011A88       Classes..TClassFinder
 0001:00011D24       Classes..TComponent
 0001:0001177C       Classes..TCustomMemoryStream
 0001:00011AE4       Classes..TFiler
 0001:000116F4       Classes..TFileStream
 0001:0001167C       Classes..THandleStream
 0001:00012DAC       Classes..TIntConst
 0001:000112D0       Classes..TInterfacedPersistent
 0001:000110D0       Classes..TList
 0001:000117F8       Classes..TMemoryStream
 0001:000111E0       Classes..TPersistent
 0001:00015DBC       Classes..TPropFixup
 0001:00015E34       Classes..TPropIntfFixup
 0001:00011B48       Classes..TReader
 0001:00012088       Classes..TRegGroup
 0001:000120E0       Classes..TRegGroups
 0001:00011874       Classes..TResourceStream
 0001:0001160C       Classes..TStream
 0001:00011A00       Classes..TStreamAdapter
 0001:000114F4       Classes..TStringList
 0001:000113BC       Classes..TStrings
 0001:00011134       Classes..TThreadList
 0001:00012D50       Classes.ActivateClassGroup
 0003:00000A9C       Classes.AddDataModule
 0001:00016094       Classes.AddFinished
 0001:000160CC       Classes.AddNotFinished
 0001:00016C40       Classes.AddSubComponentsToLoaded
 0001:0001A450       Classes.AllocateHWnd
 0003:00000AAC       Classes.ApplicationHandleException
 0003:00000AB4       Classes.ApplicationShowException
 0001:000130A8       Classes.BeginGlobalLoading
 0003:00000AD4       Classes.BlockCode
 0001:0001204C       Classes.Bounds
 0001:0001A38C       Classes.CalcJmpOffset
 0001:00016C7C       Classes.CheckSubComponents
 0001:000190FC       Classes.CheckSynchronize
 0002:000001F8       Classes.Classes
 0001:00012B14       Classes.ClassNotFound
 0001:00016D5C       Classes.ComponentCreated
 0001:00016DDC       Classes.CreateComponent
 0001:0001A504       Classes.DeallocateHWnd
 0001:000190BC       Classes.DoneThreadSynchronization
 0001:00013F08       Classes.DoWrite
 0001:00013130       Classes.EndGlobalLoading
 0001:000126B4       Classes.Error
 0001:00015BF4       Classes.Error
 0003:00000AC4       Classes.FilerSignature
 0001:0001A52C       Classes.Finalization
 0001:00012BD4       Classes.FindClass
 0001:00016F8C       Classes.FindExistingComponent
 0001:00012FC0       Classes.FindGlobalComponent
 0004:000032DC       Classes.FindGlobalComponentProcs
 0001:00012E68       Classes.FindIdentToInt
 0001:00015FC8       Classes.FindNestedComponent
 0001:00017EDC       Classes.FindUniqueName
 0001:0001A2F8       Classes.FreeIntConstList
 0001:0001A42C       Classes.FreeObjectInstance
 0001:00012B80       Classes.GetClass
 0001:00012B08       Classes.GetFieldClassTable
 0004:000032E0       Classes.GlobalFixupList
 0001:00016114       Classes.GlobalFixupReferences
 0005:0000000C       Classes.GlobalLists
 0005:00000008       Classes.GlobalLoaded
 0004:000032C4       Classes.GlobalNameSpace
 0001:00012CFC       Classes.GroupDescendentsWith
 0001:00017700       Classes.HandleException
 0001:00012EE4       Classes.IdentToInt
 0001:0001318C       Classes.InitComponent
 0001:00013234       Classes.InitInheritedComponent
 0001:00019088       Classes.InitThreadSynchronization
 0004:000032FC       Classes.InstBlockList
 0004:00003300       Classes.InstFreeList
 0004:000032D4       Classes.IntConstList
 0001:00013024       Classes.InternalReadComponentRes
 0001:00012F24       Classes.IntToIdent
 0001:00012074       Classes.InvalidPoint
 0001:00013000       Classes.IsUniqueGlobalComponentName
 0004:000032C8       Classes.IsUniqueGlobalComponentNameProc
 0001:0001A394       Classes.MakeObjectInstance
 0001:000138A4       Classes.Min
 0001:0001A364       Classes.ModuleUnload
 0003:00000AC8       Classes.NilMethod
 0001:00013100       Classes.NotifyGlobalLoading
 0001:00011FFC       Classes.Point
 0001:00012440       Classes.PointerInModule
 0001:00016434       Classes.PropertyNotFound
 0001:00017800       Classes.PropPathError
 0001:00016428       Classes.PropValueError
 0001:000153E4       Classes.RaiseException
 0001:00018A90       Classes.ReadCustomVariant
 0001:00016410       Classes.ReadError
 0001:00016D7C       Classes.Recover
 0001:00012024       Classes.Rect
 0004:000032D8       Classes.RegGroups
 0001:00012BF4       Classes.RegisterClass
 0001:00012F68       Classes.RegisterFindGlobalComponentProc
 0001:00012E3C       Classes.RegisterIntegerConsts
 0003:00000AA4       Classes.RemoveDataModule
 0001:000162E0       Classes.RemoveFixupReferences
 0001:0001638C       Classes.RemoveFixups
 0001:00016724       Classes.RemoveGlobalFixup
 0001:000190D4       Classes.ResetSyncEvent
 0001:00014068       Classes.ReturnAddr
 0001:000133CC       Classes.ReturnAddr
 0001:00016EEC       Classes.SetCompName
 0001:00016460       Classes.SetElementValue
 0001:00017B04       Classes.SetInterfaceReference
 0001:00017A20       Classes.SetIntIdent
 0001:00017A68       Classes.SetObjectIdent
 0001:00016CF4       Classes.SetSubComponentState
 0001:00017AA8       Classes.SetVariantReference
 0001:000185B0       Classes.SkipBinary
 0001:000185E0       Classes.SkipCollection
 0001:00018588       Classes.SkipList
 0001:00012014       Classes.SmallPoint
 0001:00012CB0       Classes.StartClassGroup
 0001:0001A36C       Classes.StdWndProc
 0001:0001520C       Classes.StringListCompareStrings
 0004:000032CC       Classes.SyncEvent
 0003:00000AD0       Classes.SyncList
 0001:00019D64       Classes.TBasicAction.Change
 0001:00019BF8       Classes.TBasicAction.Create
 0001:00019C3C       Classes.TBasicAction.Destroy
 0001:00019CD0       Classes.TBasicAction.Execute
 0001:00019CA0       Classes.TBasicAction.ExecuteTarget
 0001:00019C9C       Classes.TBasicAction.HandlesTarget
 0001:00019CA4       Classes.TBasicAction.Notification
 0001:00019D78       Classes.TBasicAction.RegisterChanges
 0001:00019DC4       Classes.TBasicAction.SetActionComponent
 0001:00019D08       Classes.TBasicAction.SetOnExecute
 0001:00019D84       Classes.TBasicAction.UnRegisterChanges
 0001:00019CEC       Classes.TBasicAction.Update
 0001:00019CCC       Classes.TBasicAction.UpdateTarget
 0001:00019B48       Classes.TBasicActionLink.AssignClient
 0001:00019B80       Classes.TBasicActionLink.Change
 0001:00019B04       Classes.TBasicActionLink.Create
 0001:00019B4C       Classes.TBasicActionLink.Destroy
 0001:00019B98       Classes.TBasicActionLink.Execute
 0001:00019BE0       Classes.TBasicActionLink.IsOnExecuteLinked
 0001:00019BB4       Classes.TBasicActionLink.SetAction
 0001:00019BE4       Classes.TBasicActionLink.SetOnExecute
 0001:00019BEC       Classes.TBasicActionLink.Update
 0001:0001385C       Classes.TBits.Destroy
 0001:0001388C       Classes.TBits.Error
 0001:00013980       Classes.TBits.OpenBit
 0001:00013954       Classes.TBits.SetBit
 0001:000138B0       Classes.TBits.SetSize
 0001:00012924       Classes.TClassFinder.Create
 0001:00012A50       Classes.TClassFinder.Destroy
 0001:00012A80       Classes.TClassFinder.GetClass
 0001:00013C80       Classes.TCollection.Add
 0001:00013CA0       Classes.TCollection.Clear
 0001:0001939C       Classes.TComponent.BeforeDestruction
 0001:000198D4       Classes.TComponent.ChangeName
 0001:000192D4       Classes.TComponent.Create
 0001:00019664       Classes.TComponent.DefineProperties
 0001:00019320       Classes.TComponent.Destroy
 0001:0001952C       Classes.TComponent.DestroyComponents
 0001:00019588       Classes.TComponent.Destroying
 0001:00019A10       Classes.TComponent.ExecuteAction
 0001:000197F4       Classes.TComponent.FindComponent
 0001:000193A8       Classes.TComponent.FreeNotification
 0001:000196F8       Classes.TComponent.GetChildOwner
 0001:000196FC       Classes.TComponent.GetChildParent
 0001:000196F0       Classes.TComponent.GetChildren
 0001:000198E8       Classes.TComponent.GetComponent
 0001:00019914       Classes.TComponent.GetComponentCount
 0001:00019700       Classes.TComponent.GetNamePath
 0001:00019714       Classes.TComponent.GetOwner
 0001:0001971C       Classes.TComponent.GetParentComponent
 0001:000196EC       Classes.TComponent.HasParent
 0001:0001943C       Classes.TComponent.Insert
 0001:00019490       Classes.TComponent.InsertComponent
 0001:00019B00       Classes.TComponent.IntfGetComponent
 0001:0001973C       Classes.TComponent.Loaded
 0001:00019604       Classes.TComponent.Notification
 0001:00019748       Classes.TComponent.PaletteCreated
 0001:00019A80       Classes.TComponent.QueryInterface
 0001:000193FC       Classes.TComponent.ReadLeft
 0001:0001974C       Classes.TComponent.ReadState
 0001:00019410       Classes.TComponent.ReadTop
 0001:00019468       Classes.TComponent.Remove
 0001:000194F4       Classes.TComponent.RemoveComponent
 0001:000195E8       Classes.TComponent.RemoveFreeNotification
 0001:000195C4       Classes.TComponent.RemoveNotification
 0001:00019A60       Classes.TComponent.SafeCallException
 0001:00019718       Classes.TComponent.SetChildOrder
 0001:00019924       Classes.TComponent.SetComponentIndex
 0001:00019978       Classes.TComponent.SetDesigning
 0001:00019844       Classes.TComponent.SetName
 0001:00019720       Classes.TComponent.SetParentComponent
 0001:000199C8       Classes.TComponent.SetReference
 0001:00019A38       Classes.TComponent.UpdateAction
 0001:00019730       Classes.TComponent.Updated
 0001:00019A78       Classes.TComponent.UpdateRegistry
 0001:00019724       Classes.TComponent.Updating
 0001:000197DC       Classes.TComponent.ValidateContainer
 0001:000197F0       Classes.TComponent.ValidateInsert
 0001:0001975C       Classes.TComponent.ValidateRename
 0001:00019424       Classes.TComponent.WriteLeft
 0001:00019754       Classes.TComponent.WriteState
 0001:00019430       Classes.TComponent.WriteTop
 0001:00019AC0       Classes.TComponent._AddRef
 0001:00019AE0       Classes.TComponent._Release
 0001:000159A0       Classes.TCustomMemoryStream.Read
 0001:000159D8       Classes.TCustomMemoryStream.Seek
 0001:00015998       Classes.TCustomMemoryStream.SetPointer
 0001:00015D48       Classes.TFiler.Create
 0001:00015D90       Classes.TFiler.Destroy
 0001:00015DB8       Classes.TFiler.SetRoot
 0001:000157F0       Classes.TFileStream.Create
 0001:000157AC       Classes.TFileStream.Create
 0001:00015964       Classes.TFileStream.Destroy
 0001:000156E8       Classes.THandleStream.Create
 0001:00015724       Classes.THandleStream.Read
 0001:00015744       Classes.THandleStream.Seek
 0001:00015784       Classes.THandleStream.SetSize
 0001:00015770       Classes.THandleStream.SetSize
 0001:00015734       Classes.THandleStream.Write
 0004:000032E4       Classes.ThreadLock
 0001:00012E04       Classes.TIntConst.Create
 0001:00013BC8       Classes.TInterfacedPersistent.AfterConstruction
 0001:00013C58       Classes.TInterfacedPersistent.QueryInterface
 0001:00013C18       Classes.TInterfacedPersistent._AddRef
 0001:00013C38       Classes.TInterfacedPersistent._Release
 0001:0001331C       Classes.TList.Add
 0001:00013350       Classes.TList.Clear
 0001:00013368       Classes.TList.Delete
 0001:000132FC       Classes.TList.Destroy
 0001:000133D0       Classes.TList.Error
 0001:00013408       Classes.TList.Error
 0001:0001345C       Classes.TList.Expand
 0001:00013474       Classes.TList.First
 0001:0001347C       Classes.TList.Get
 0001:000134A4       Classes.TList.Grow
 0001:000134D8       Classes.TList.IndexOf
 0001:000134F8       Classes.TList.Insert
 0001:00013564       Classes.TList.Last
 0001:00013690       Classes.TList.Notify
 0001:00013570       Classes.TList.Put
 0001:000135C0       Classes.TList.Remove
 0001:000135E0       Classes.TList.SetCapacity
 0001:0001361C       Classes.TList.SetCount
 0001:00015A28       Classes.TMemoryStream.Clear
 0001:000159FC       Classes.TMemoryStream.Destroy
 0001:00015A40       Classes.TMemoryStream.LoadFromStream
 0001:00015ACC       Classes.TMemoryStream.Realloc
 0001:00015A78       Classes.TMemoryStream.SetCapacity
 0001:00015AA0       Classes.TMemoryStream.SetSize
 0001:00015B4C       Classes.TMemoryStream.Write
 0001:00013A24       Classes.TPersistent.Assign
 0001:00013A38       Classes.TPersistent.AssignError
 0001:00013B08       Classes.TPersistent.AssignTo
 0001:00013B10       Classes.TPersistent.DefineProperties
 0001:000139F8       Classes.TPersistent.Destroy
 0001:00013B14       Classes.TPersistent.GetNamePath
 0001:00013BC4       Classes.TPersistent.GetOwner
 0001:00015E94       Classes.TPropFixup.Create
 0001:00015EEC       Classes.TPropFixup.MakeGlobalReference
 0001:00015F34       Classes.TPropFixup.ResolveReference
 0001:00015F44       Classes.TPropIntfFixup.ResolveReference
 0001:000164B4       Classes.TReader.CheckValue
 0001:00016514       Classes.TReader.DefineBinaryProperty
 0001:000164D8       Classes.TReader.DefineProperty
 0001:00016478       Classes.TReader.Destroy
 0001:000167A0       Classes.TReader.DoFixupReferences
 0001:000165FC       Classes.TReader.EndOfList
 0001:00016610       Classes.TReader.Error
 0001:000188DC       Classes.TReader.FindAncestorComponent
 0001:000189D4       Classes.TReader.FindComponentClass
 0001:000166BC       Classes.TReader.FindMethod
 0001:00016634       Classes.TReader.FindMethodInstance
 0001:000168E4       Classes.TReader.FlushBuffer
 0001:00016908       Classes.TReader.FreeFixups
 0001:00016944       Classes.TReader.GetFieldClass
 0001:000169DC       Classes.TReader.GetPosition
 0001:000169F4       Classes.TReader.NextValue
 0001:00016A04       Classes.TReader.PropertyError
 0001:00016A18       Classes.TReader.Read
 0001:00016AA0       Classes.TReader.ReadBoolean
 0001:00016A64       Classes.TReader.ReadBuffer
 0001:00016AB4       Classes.TReader.ReadChar
 0001:00016B70       Classes.TReader.ReadCollection
 0001:00017030       Classes.TReader.ReadComponent
 0001:00017470       Classes.TReader.ReadCurrency
 0001:00017270       Classes.TReader.ReadData
 0001:000172E0       Classes.TReader.ReadDataInner
 0001:000174C0       Classes.TReader.ReadDate
 0001:000173E8       Classes.TReader.ReadDouble
 0001:000173B0       Classes.TReader.ReadFloat
 0001:00017504       Classes.TReader.ReadIdent
 0001:0001766C       Classes.TReader.ReadInt64
 0001:00017600       Classes.TReader.ReadInteger
 0001:000176B0       Classes.TReader.ReadListBegin
 0001:000176B8       Classes.TReader.ReadListEnd
 0001:000176C0       Classes.TReader.ReadPrefix
 0001:0001781C       Classes.TReader.ReadProperty
 0001:00017BC4       Classes.TReader.ReadPropValue
 0001:00017F3C       Classes.TReader.ReadRootComponent
 0001:00018270       Classes.TReader.ReadSet
 0001:0001832C       Classes.TReader.ReadSignature
 0001:0001742C       Classes.TReader.ReadSingle
 0001:00018350       Classes.TReader.ReadStr
 0001:0001838C       Classes.TReader.ReadString
 0001:0001852C       Classes.TReader.ReadValue
 0001:00018C58       Classes.TReader.ReadVariant
 0001:00016B14       Classes.TReader.ReadWideChar
 0001:00018448       Classes.TReader.ReadWideString
 0001:00018994       Classes.TReader.ReferenceName
 0001:000189AC       Classes.TReader.SetName
 0001:00018A48       Classes.TReader.SkipBytes
 0001:00018834       Classes.TReader.SkipComponent
 0001:000187EC       Classes.TReader.SkipProperty
 0001:00018540       Classes.TReader.SkipSetBody
 0001:0001863C       Classes.TReader.SkipValue
 0001:00012138       Classes.TRegGroup.AddClass
 0001:00012144       Classes.TRegGroup.BestClass
 0001:000121A4       Classes.TRegGroup.BestGroup
 0001:00012214       Classes.TRegGroup.Create
 0001:00012270       Classes.TRegGroup.Destroy
 0001:000122B0       Classes.TRegGroup.GetClass
 0001:00012318       Classes.TRegGroup.InGroup
 0001:0001235C       Classes.TRegGroup.RegisterClass
 0001:0001241C       Classes.TRegGroup.Registered
 0001:00012460       Classes.TRegGroup.UnregisterModuleClasses
 0001:0001250C       Classes.TRegGroups.Activate
 0001:00012558       Classes.TRegGroups.Create
 0001:000125CC       Classes.TRegGroups.Destroy
 0001:0001262C       Classes.TRegGroups.FindGroup
 0001:00012670       Classes.TRegGroups.GetClass
 0001:00012744       Classes.TRegGroups.GroupWith
 0001:00012810       Classes.TRegGroups.Lock
 0001:0001281C       Classes.TRegGroups.RegisterClass
 0001:00012834       Classes.TRegGroups.Registered
 0001:00012878       Classes.TRegGroups.StartGroup
 0001:000128C8       Classes.TRegGroups.Unlock
 0001:000128D4       Classes.TRegGroups.UnregisterModuleClasses
 0001:00015B9C       Classes.TResourceStream.Create
 0001:00015D00       Classes.TResourceStream.Destroy
 0001:00015C94       Classes.TResourceStream.Initialize
 0001:00015D30       Classes.TResourceStream.Write
 0001:00015594       Classes.TStream.CopyFrom
 0001:000152F8       Classes.TStream.GetPosition
 0001:0001532C       Classes.TStream.GetSize
 0001:00015524       Classes.TStream.ReadBuffer
 0001:00015688       Classes.TStream.ReadComponent
 0001:00015430       Classes.TStream.Seek
 0001:000154B4       Classes.TStream.Seek
 0001:00015318       Classes.TStream.SetPosition
 0001:00015390       Classes.TStream.SetSize
 0001:00015378       Classes.TStream.SetSize
 0001:0001537C       Classes.TStream.SetSize64
 0001:0001555C       Classes.TStream.WriteBuffer
 0001:0001A2E0       Classes.TStreamAdapter.Clone
 0001:0001A234       Classes.TStreamAdapter.Commit
 0001:0001A02C       Classes.TStreamAdapter.CopyTo
 0001:00019DF0       Classes.TStreamAdapter.Create
 0001:00019E3C       Classes.TStreamAdapter.Destroy
 0001:0001A24C       Classes.TStreamAdapter.LockRegion
 0001:00019E74       Classes.TStreamAdapter.Read
 0001:0001A240       Classes.TStreamAdapter.Revert
 0001:00019F44       Classes.TStreamAdapter.Seek
 0001:00019FC8       Classes.TStreamAdapter.SetSize
 0001:0001A264       Classes.TStreamAdapter.Stat
 0001:0001A258       Classes.TStreamAdapter.UnlockRegion
 0001:00019EDC       Classes.TStreamAdapter.Write
 0001:00014C78       Classes.TStringList.Add
 0001:00014C88       Classes.TStringList.AddObject
 0001:00014CEC       Classes.TStringList.Changed
 0001:00014D08       Classes.TStringList.Changing
 0001:00014D24       Classes.TStringList.Clear
 0001:00015274       Classes.TStringList.CompareStrings
 0001:0001523C       Classes.TStringList.CustomSort
 0001:00014D64       Classes.TStringList.Delete
 0001:00014C1C       Classes.TStringList.Destroy
 0001:00014DD0       Classes.TStringList.Exchange
 0001:00014E2C       Classes.TStringList.ExchangeItems
 0001:00014E50       Classes.TStringList.Find
 0001:00014ED4       Classes.TStringList.Get
 0001:00014F08       Classes.TStringList.GetCapacity
 0001:00014F0C       Classes.TStringList.GetCount
 0001:00014F10       Classes.TStringList.GetObject
 0001:00014F38       Classes.TStringList.Grow
 0001:00014F6C       Classes.TStringList.IndexOf
 0001:00014FA8       Classes.TStringList.Insert
 0001:0001500C       Classes.TStringList.InsertItem
 0001:00014FB8       Classes.TStringList.InsertObject
 0001:00015088       Classes.TStringList.Put
 0001:000150E4       Classes.TStringList.PutObject
 0001:00015124       Classes.TStringList.QuickSort
 0001:000151B8       Classes.TStringList.SetCapacity
 0001:000151D4       Classes.TStringList.SetSorted
 0001:000151F4       Classes.TStringList.SetUpdateState
 0001:0001522C       Classes.TStringList.Sort
 0001:00013D38       Classes.TStrings.Add
 0001:00013D5C       Classes.TStrings.AddObject
 0001:00013D80       Classes.TStrings.AddStrings
 0001:00013E38       Classes.TStrings.Assign
 0001:00013EF0       Classes.TStrings.BeginUpdate
 0001:00014BA4       Classes.TStrings.CompareStrings
 0001:00013F60       Classes.TStrings.DefineProperties
 0001:00013D08       Classes.TStrings.Destroy
 0001:00013FAC       Classes.TStrings.EndUpdate
 0001:00013FC0       Classes.TStrings.Equals
 0001:000140A4       Classes.TStrings.Error
 0001:0001406C       Classes.TStrings.Error
 0001:000140FC       Classes.TStrings.Exchange
 0001:000141E8       Classes.TStrings.GetCapacity
 0001:00014B44       Classes.TStrings.GetLineBreak
 0001:00014BE8       Classes.TStrings.GetNameValueSeparator
 0001:000141F0       Classes.TStrings.GetObject
 0001:000141F4       Classes.TStrings.GetText
 0001:00014248       Classes.TStrings.GetTextStr
 0001:00014380       Classes.TStrings.IndexOf
 0001:0001440C       Classes.TStrings.IndexOfName
 0001:000144E0       Classes.TStrings.IndexOfObject
 0001:00014514       Classes.TStrings.InsertObject
 0001:00014544       Classes.TStrings.LoadFromFile
 0001:00014598       Classes.TStrings.LoadFromStream
 0001:00014644       Classes.TStrings.Move
 0001:000146F4       Classes.TStrings.Put
 0001:00014724       Classes.TStrings.PutObject
 0001:00014728       Classes.TStrings.ReadData
 0001:000147D8       Classes.TStrings.SaveToFile
 0001:00014830       Classes.TStrings.SaveToStream
 0001:00014890       Classes.TStrings.SetCapacity
 0001:00014B78       Classes.TStrings.SetLineBreak
 0001:00014C00       Classes.TStrings.SetNameValueSeparator
 0001:00014894       Classes.TStrings.SetStringsAdapter
 0001:000148C8       Classes.TStrings.SetText
 0001:00014918       Classes.TStrings.SetTextStr
 0001:00014ABC       Classes.TStrings.SetUpdateState
 0001:00014AC0       Classes.TStrings.WriteData
 0001:00013764       Classes.TThreadList.Add
 0001:00013694       Classes.TThreadList.Create
 0001:000136E8       Classes.TThreadList.Destroy
 0001:000137EC       Classes.TThreadList.LockList
 0001:00013800       Classes.TThreadList.Remove
 0001:00013850       Classes.TThreadList.UnlockList
 0001:00018E78       Classes.TWriter.Write
 0001:00018EDC       Classes.TWriter.WriteBoolean
 0001:00018EC4       Classes.TWriter.WriteBuffer
 0001:00018EF0       Classes.TWriter.WriteInteger
 0001:00018F64       Classes.TWriter.WriteListBegin
 0001:00018F6C       Classes.TWriter.WriteListEnd
 0001:00018F74       Classes.TWriter.WriteMinStr
 0001:00019020       Classes.TWriter.WriteString
 0001:00019074       Classes.TWriter.WriteValue
 0001:00012FA8       Classes.UnregisterFindGlobalComponentProc
 0001:00012C64       Classes.UnRegisterModuleClasses
 0003:00000AD8       Classes.UtilWindowClass
 0001:000190E0       Classes.WaitForSyncEvent
 0003:00000ABC       Classes.WakeMainThread
 0004:000034C0       Clipbrd..2
 0004:000034BE       Clipbrd.CF_COMPONENT
 0004:000034BC       Clipbrd.CF_PICTURE
 0002:000004D8       Clipbrd.Clipbrd
 0004:000034C4       Clipbrd.FClipboard
 0001:0002E780       Clipbrd.Finalization
 0001:0001C0E0       CommCtrl.ImageList_Add
 0001:0001C110       CommCtrl.ImageList_BeginDrag
 0001:0001C0C8       CommCtrl.ImageList_Create
 0001:0001C0D0       CommCtrl.ImageList_Destroy
 0001:0001C120       CommCtrl.ImageList_DragEnter
 0001:0001C128       CommCtrl.ImageList_DragLeave
 0001:0001C130       CommCtrl.ImageList_DragMove
 0001:0001C138       CommCtrl.ImageList_DragShowNolock
 0001:0001C0F8       CommCtrl.ImageList_Draw
 0001:0001C100       CommCtrl.ImageList_DrawEx
 0001:0001C118       CommCtrl.ImageList_EndDrag
 0001:0001C0F0       CommCtrl.ImageList_GetBkColor
 0001:0001C150       CommCtrl.ImageList_GetIconSize
 0001:0001C0D8       CommCtrl.ImageList_GetImageCount
 0001:0001C140       CommCtrl.ImageList_Read
 0001:0001C108       CommCtrl.ImageList_Remove
 0001:0001C0E8       CommCtrl.ImageList_SetBkColor
 0001:0001C158       CommCtrl.ImageList_SetIconSize
 0001:0001C148       CommCtrl.ImageList_Write
 0001:0001C160       CommCtrl._TrackMouseEvent
 0001:0001A5DC       Contnrs..TObjectList
 0001:0001A644       Contnrs..TOrderedList
 0001:0001A6AC       Contnrs..TStack
 0001:0001A70C       Contnrs.TObjectList.Create
 0001:0001A748       Contnrs.TObjectList.GetItem
 0001:0001A75C       Contnrs.TObjectList.Notify
 0001:0001A7A0       Contnrs.TOrderedList.Create
 0001:0001A7E4       Contnrs.TOrderedList.Destroy
 0001:0001A814       Contnrs.TOrderedList.PeekItem
 0001:0001A788       Contnrs.TOrderedList.Pop
 0001:0001A828       Contnrs.TOrderedList.PopItem
 0001:0001A790       Contnrs.TOrderedList.Push
 0001:0001A848       Contnrs.TStack.PushItem
 0004:00003524       Controls..33
 0001:00036374       Controls..TBaseDragControlObject
 0001:00037700       Controls..TControl
 0001:00036844       Controls..TControlActionLink
 0001:000366BC       Controls..TControlCanvas
 0001:000384C8       Controls..TCustomControl
 0001:0003675C       Controls..TCustomControlAction
 0001:00038910       Controls..TDockTree
 0001:000387C4       Controls..TDockZone
 0001:00036438       Controls..TDragControlObject
 0001:000364C4       Controls..TDragControlObjectEx
 0001:00036554       Controls..TDragDockObject
 0001:0003661C       Controls..TDragDockObjectEx
 0001:000362D0       Controls..TDragObject
 0001:000383A4       Controls..TGraphicControl
 0001:00038634       Controls..THintWindow
 0001:00036C94       Controls..TMargins
 0001:000389B4       Controls..TMouse
 0001:00036DAC       Controls..TPadding
 0001:00038F18       Controls..TSiteList
 0001:00036B48       Controls..TSizeConstraints
 0001:00037F94       Controls..TWinControl
 0001:00037B70       Controls..TWinControlActionLink
 0001:00039588       Controls.AbsMin
 0004:00003558       Controls.ActiveDrag
 0001:0003F8CC       Controls.AlignWork
 0003:000014F8       Controls.AnchorAlign
 0003:000014EC       Controls.AnimateWindowProc
 0003:000015F4       Controls.AnimationStyle
 0001:0003C4D8       Controls.BackgroundClipped
 0001:00048B68       Controls.CalcSplitterPos
 0001:0003A62C       Controls.CancelDrag
 0004:0000356C       Controls.CanvasList
 0003:000015B0       Controls.CaptureControl
 0001:00038A08       Controls.ChangeBiDiModeAlignment
 0001:0003A294       Controls.CheckUndock
 0001:000459F0       Controls.ClientToWindow
 0004:0000352A       Controls.ControlAtom
 0004:00003530       Controls.ControlAtomString
 0002:000005D0       Controls.Controls
 0003:000014F0       Controls.CreationControl
 0003:000015EC       Controls.Ctl3DStyles
 0003:00001500       Controls.Cursors
 0001:00038DB0       Controls.CursorToIdent
 0003:000014F4       Controls.DefaultDockTreeClass
 0001:00040858       Controls.DestroyChildWindow
 0001:0003F740       Controls.DoAlign
 0001:0004430C       Controls.DoCalcConstraints
 0004:00003560       Controls.DockSiteList
 0001:000415B4       Controls.DoControlMsg
 0001:00039B9C       Controls.DoDragOver
 0001:00046670       Controls.DoFindControlZone
 0001:00046D98       Controls.DoFindZone
 0001:000466F4       Controls.DoForEach
 0001:0004833C       Controls.DoGetNextLimit
 0001:00049374       Controls.DoneControls
 0001:0003F6F8       Controls.DoPosition
 0001:0004784C       Controls.DoPrune
 0001:00047D60       Controls.DoSaveZone
 0001:00048024       Controls.DoSetNewBounds
 0001:00040504       Controls.DoWriteDesignSize
 0001:0003D84C       Controls.DoWriteExplicit
 0001:0003D818       Controls.DoWriteIsControl
 0004:00003544       Controls.DragCapture
 0004:00003538       Controls.DragControl
 0001:0003A308       Controls.DragDone
 0001:00039B4C       Controls.DragFindTarget
 0001:00039B20       Controls.DragFindWindow
 0004:0000355C       Controls.DragImageList
 0001:00039F60       Controls.DragInit
 0001:0003A0D0       Controls.DragInitControl
 0004:00003540       Controls.DragInternalObject
 0001:00039A68       Controls.DragMessage
 0004:0000353C       Controls.DragObject
 0004:00003568       Controls.DragSave
 0004:00003550       Controls.DragSaveCursor
 0004:00003548       Controls.DragStartPos
 0004:00003554       Controls.DragThreshold
 0001:00039C78       Controls.DragTo
 0001:000472D0       Controls.DrawCloseButton
 0001:00047364       Controls.DrawGrabberLine
 0001:000473EC       Controls.DrawThemedGrabber
 0003:000015DC       Controls.EdgeStyles
 0001:00049994       Controls.Finalization
 0001:00038B60       Controls.FindControl
 0001:0003A678       Controls.FindDragTarget
 0001:0003A644       Controls.FindVCLWindow
 0001:0003A73C       Controls.FreeDeviceContext
 0001:0003A7F8       Controls.FreeDeviceContexts
 0001:00038EAC       Controls.GetCaptureControl
 0001:0003F568       Controls.GetClientSize
 0001:00040C78       Controls.GetControlAtPos
 0001:0004841C       Controls.GetDockAlign
 0001:000398B8       Controls.GetDockSiteAtPos
 0001:00039BD8       Controls.GetDropCtl
 0001:000463A0       Controls.GetLastChildZone
 0001:00038E14       Controls.GetLongHint
 0001:00038DD0       Controls.GetShortHint
 0001:00038FB8       Controls.GetTopParent
 0001:00048498       Controls.HideZone
 0001:00038DC0       Controls.IdentToCursor
 0003:0000161C       Controls.IMM32DLL
 0001:00049360       Controls.Imm32IsIME
 0001:000493FC       Controls.InitControls
 0001:00049004       Controls.InitIMM32
 0001:00038A1C       Controls.InitWndProc
 0003:000015BC       Controls.InnerStyles
 0001:0003F5C8       Controls.InsertBefore
 0001:0003966C       Controls.IsBeforeTargetWindow
 0001:00039AC0       Controls.IsDelphiHandle
 0001:00045DD4       Controls.IsOrientationSet
 0001:00039874       Controls.IsSiteChildOfClient
 0001:00038BBC       Controls.IsVCLControl
 0004:00003518       Controls.IsVCLControlHook
 0001:0003A6C4       Controls.ListAdd
 0001:0003A6EC       Controls.ListRemove
 0003:00001608       Controls.MakeLast
 0001:0003E910       Controls.MinVar
 0003:00001620       Controls.ModeMap
 0004:00003514       Controls.Mouse
 0001:0003A70C       Controls.MoveWindowOrg
 0004:00003520       Controls.NewStyleControls
 0001:00045DB8       Controls.NextVisibleZone
 0001:00038B2C       Controls.ObjectFromHWnd
 0003:00001600       Controls.OrientArray
 0003:000015CC       Controls.OuterStyles
 0001:000461C8       Controls.ParentNotLast
 0001:00038E58       Controls.PerformEraseBackground
 0001:000404F0       Controls.PointsEqual
 0004:00003564       Controls.QualifyingSites
 0001:00046F34       Controls.ReadControlName
 0001:00039A0C       Controls.RegisterDockSite
 0004:00003534       Controls.RM_GetObjectInstance
 0001:00038BEC       Controls.SendAppMessage
 0001:00038ED4       Controls.SetCaptureControl
 0001:00049288       Controls.SetImeMode
 0003:000015B4       Controls.ShowFlags
 0001:00048518       Controls.ShowZone
 0003:00001614       Controls.SizeCursors
 0001:00039388       Controls.TBaseDragControlObject.Assign
 0001:00039364       Controls.TBaseDragControlObject.Create
 0001:000393B4       Controls.TBaseDragControlObject.EndDrag
 0001:000393D8       Controls.TBaseDragControlObject.Finished
 0001:0003E640       Controls.TControl.ActionChange
 0001:0003EA30       Controls.TControl.AdjustSize
 0001:0003E864       Controls.TControl.AssignTo
 0001:0003C82C       Controls.TControl.BeginAutoDrag
 0001:0003C848       Controls.TControl.BeginDrag
 0001:0003C370       Controls.TControl.BringToFront
 0001:0003D290       Controls.TControl.CalcCursorPos
 0001:0003D3F8       Controls.TControl.CalcDockSizes
 0001:0003D190       Controls.TControl.CanAutoSize
 0001:0003D194       Controls.TControl.CanResize
 0001:0003BD08       Controls.TControl.Changed
 0001:0003BD18       Controls.TControl.ChangeScale
 0001:0003DE08       Controls.TControl.CheckNewSize
 0001:0003DBFC       Controls.TControl.Click
 0001:0003BB90       Controls.TControl.ClientToScreen
 0001:0003E398       Controls.TControl.CMBiDiModeChanged
 0001:0003E2C4       Controls.TControl.CMColorChanged
 0001:0003E4C8       Controls.TControl.CMDesignHitTest
 0001:0003E2A4       Controls.TControl.CMEnabledChanged
 0001:0003E5E0       Controls.TControl.CMFloat
 0001:0003E2B4       Controls.TControl.CMFontChanged
 0001:0003EABC       Controls.TControl.CMHintShow
 0001:0003E448       Controls.TControl.CMHitTest
 0001:0003EC70       Controls.TControl.CMMouseActivate
 0001:0003E450       Controls.TControl.CMMouseEnter
 0001:0003E48C       Controls.TControl.CMMouseLeave
 0001:0003E328       Controls.TControl.CMMouseWheel
 0001:0003E304       Controls.TControl.CMParentBiDiModeChanged
 0001:0003E2D4       Controls.TControl.CMParentColorChanged
 0001:0003E3F4       Controls.TControl.CMParentFontChanged
 0001:0003E3B8       Controls.TControl.CMParentShowHintChanged
 0001:0003E424       Controls.TControl.CMSysFontChanged
 0001:0003E27C       Controls.TControl.CMVisibleChanged
 0001:0003D260       Controls.TControl.ConstrainedResize
 0001:0003AF68       Controls.TControl.Create
 0001:0003E4D0       Controls.TControl.CreateFloatingDockSite
 0001:0003DC68       Controls.TControl.DblClick
 0001:0003CCD0       Controls.TControl.DefaultDockImage
 0001:0003D770       Controls.TControl.DefaultHandler
 0001:0003DA6C       Controls.TControl.DefineProperties
 0001:0003D2BC       Controls.TControl.DesignWndProc
 0001:0003B060       Controls.TControl.Destroy
 0001:0003E740       Controls.TControl.DoActionChange
 0001:0003D1C4       Controls.TControl.DoCanAutoSize
 0001:0003D230       Controls.TControl.DoCanResize
 0001:0003B860       Controls.TControl.Dock
 0001:0003CACC       Controls.TControl.DockTrackNoTarget
 0001:0003D2F0       Controls.TControl.DoConstrainedResize
 0001:0003D180       Controls.TControl.DoConstraintsChange
 0001:0003EC30       Controls.TControl.DoContextPopup
 0001:0003B990       Controls.TControl.DoDock
 0001:0003CE1C       Controls.TControl.DoDragMsg
 0001:0003CAE4       Controls.TControl.DoEndDock
 0001:0003C9CC       Controls.TControl.DoEndDrag
 0001:0003EC94       Controls.TControl.DoMarginChange
 0001:0003CB30       Controls.TControl.DoMouseActivate
 0001:0003DCC0       Controls.TControl.DoMouseDown
 0001:0003E038       Controls.TControl.DoMouseUp
 0001:0003CB64       Controls.TControl.DoMouseWheel
 0001:0003CC38       Controls.TControl.DoMouseWheelDown
 0001:0003CC84       Controls.TControl.DoMouseWheelUp
 0001:0003CB10       Controls.TControl.DoStartDock
 0001:0003C9AC       Controls.TControl.DoStartDrag
 0001:0003C934       Controls.TControl.DragCanceled
 0001:0003C980       Controls.TControl.DragDrop
 0001:0003C938       Controls.TControl.Dragging
 0001:0003C944       Controls.TControl.DragOver
 0001:0003CDFC       Controls.TControl.DrawDragDockImage
 0001:0003EA50       Controls.TControl.DrawTextBiDiModeFlags
 0001:0003EA90       Controls.TControl.DrawTextBiDiModeFlagsReadingOnly
 0001:0003CE0C       Controls.TControl.EraseDragDockImage
 0001:0003C1C0       Controls.TControl.FontChanged
 0001:0003B1E8       Controls.TControl.GetAction
 0001:0003E764       Controls.TControl.GetActionLinkClass
 0001:0003ECA8       Controls.TControl.GetAlignWithMargins
 0001:0003BA20       Controls.TControl.GetBoundsRect
 0001:0003BAC0       Controls.TControl.GetClientHeight
 0001:0003BB00       Controls.TControl.GetClientOrigin
 0001:0003BA64       Controls.TControl.GetClientRect
 0001:0003BA7C       Controls.TControl.GetClientWidth
 0001:0003C7DC       Controls.TControl.GetControlsAlignment
 0001:0003C430       Controls.TControl.GetDeviceContext
 0001:0003E94C       Controls.TControl.GetDockEdge
 0001:0003B128       Controls.TControl.GetDragImages
 0001:0003B12C       Controls.TControl.GetEnabled
 0001:0003E9FC       Controls.TControl.GetFloating
 0001:0003EA28       Controls.TControl.GetFloatingDockSiteClass
 0001:0003C338       Controls.TControl.GetMouseCapture
 0001:0003B134       Controls.TControl.GetPalette
 0001:0003B140       Controls.TControl.GetParentComponent
 0001:0003DE00       Controls.TControl.GetPopupMenu
 0001:0003C110       Controls.TControl.GetText
 0001:0003C090       Controls.TControl.GetTextBuf
 0001:0003C080       Controls.TControl.GetTextLen
 0001:0003C09C       Controls.TControl.GetUndockHeight
 0001:0003C0B0       Controls.TControl.GetUndockWidth
 0001:0003B138       Controls.TControl.HasParent
 0001:0003EAAC       Controls.TControl.InitiateAction
 0001:0003C5F0       Controls.TControl.Invalidate
 0001:0003C564       Controls.TControl.InvalidateControl
 0001:0003B314       Controls.TControl.IsAnchorsStored
 0001:0003C234       Controls.TControl.IsBiDiModeStored
 0001:0003E76C       Controls.TControl.IsCaptionStored
 0001:0003C2CC       Controls.TControl.IsColorStored
 0001:0003E78C       Controls.TControl.IsEnabledStored
 0001:0003C214       Controls.TControl.IsFontStored
 0001:0003E7CC       Controls.TControl.IsHelpContextStored
 0001:0003E7AC       Controls.TControl.IsHintStored
 0001:0003E80C       Controls.TControl.IsOnClickStored
 0001:0003C228       Controls.TControl.IsShowHintStored
 0001:0003E7EC       Controls.TControl.IsVisibleStored
 0001:0003E82C       Controls.TControl.Loaded
 0001:0003CF0C       Controls.TControl.ManualDock
 0001:0003D0EC       Controls.TControl.ManualFloat
 0001:0003C604       Controls.TControl.MouseActivate
 0001:0003DC88       Controls.TControl.MouseDown
 0001:0003DF54       Controls.TControl.MouseMove
 0001:0003E000       Controls.TControl.MouseUp
 0001:0003C64C       Controls.TControl.MouseWheelHandler
 0001:0003B42C       Controls.TControl.Notification
 0001:0003B16C       Controls.TControl.PaletteChanged
 0001:0003D3C4       Controls.TControl.Perform
 0001:0003C9F8       Controls.TControl.PositionDockRect
 0001:0003ED84       Controls.TControl.ReadExplicitHeight
 0001:0003ED9C       Controls.TControl.ReadExplicitLeft
 0001:0003ED6C       Controls.TControl.ReadExplicitTop
 0001:0003ED44       Controls.TControl.ReadExplicitWidth
 0001:0003D7F8       Controls.TControl.ReadIsControl
 0001:0003B398       Controls.TControl.ReadState
 0001:0003C6E0       Controls.TControl.Repaint
 0001:0003B368       Controls.TControl.RequestAlign
 0001:0003B378       Controls.TControl.Resize
 0001:0003BBBC       Controls.TControl.ScaleConstraints
 0001:0003BC40       Controls.TControl.ScreenToClient
 0001:0003BC6C       Controls.TControl.SendCancelMode
 0001:0003BC9C       Controls.TControl.SendDockNotification
 0001:0003B298       Controls.TControl.SetAction
 0001:0003B484       Controls.TControl.SetAlign
 0001:0003ECB0       Controls.TControl.SetAlignWithMargins
 0001:0003B1F8       Controls.TControl.SetAnchors
 0001:0003BEDC       Controls.TControl.SetAutoSize
 0001:0003C1A4       Controls.TControl.SetBiDiMode
 0001:0003B56C       Controls.TControl.SetBounds
 0001:0003BA40       Controls.TControl.SetBoundsRect
 0001:0003BAD8       Controls.TControl.SetClientHeight
 0001:0003BF9C       Controls.TControl.SetClientSize
 0001:0003BA94       Controls.TControl.SetClientWidth
 0001:0003C2B0       Controls.TControl.SetColor
 0001:0003EC64       Controls.TControl.SetConstraints
 0001:0003C31C       Controls.TControl.SetCursor
 0001:0003B32C       Controls.TControl.SetDesignVisible
 0001:0003B364       Controls.TControl.SetDragMode
 0001:0003C068       Controls.TControl.SetEnabled
 0001:0003C204       Controls.TControl.SetFont
 0001:0003B82C       Controls.TControl.SetHeight
 0001:0003B9E8       Controls.TControl.SetHelpContext
 0001:0003B9FC       Controls.TControl.SetHelpKeyword
 0001:0003B790       Controls.TControl.SetLeft
 0001:0003EC9C       Controls.TControl.SetMargins
 0001:0003C348       Controls.TControl.SetMouseCapture
 0001:0003BEF8       Controls.TControl.SetName
 0001:0003BFE4       Controls.TControl.SetParent
 0001:0003C2F8       Controls.TControl.SetParentBiDiMode
 0001:0003C2D4       Controls.TControl.SetParentColor
 0001:0003B144       Controls.TControl.SetParentComponent
 0001:0003C23C       Controls.TControl.SetParentFont
 0001:0003C284       Controls.TControl.SetParentShowHint
 0001:0003C0C4       Controls.TControl.SetPopupMenu
 0001:0003C260       Controls.TControl.SetShowHint
 0001:0003C140       Controls.TControl.SetText
 0001:0003C0EC       Controls.TControl.SetTextBuf
 0001:0003B7C4       Controls.TControl.SetTop
 0001:0003C030       Controls.TControl.SetVisible
 0001:0003B7F8       Controls.TControl.SetWidth
 0001:0003C40C       Controls.TControl.SetZOrder
 0001:0003C384       Controls.TControl.SetZOrderPosition
 0001:0003C6CC       Controls.TControl.Update
 0001:0003B60C       Controls.TControl.UpdateAnchorRules
 0001:0003D46C       Controls.TControl.UpdateBoundsRect
 0001:0003ECE0       Controls.TControl.UpdateExplicitBounds
 0001:0003C7F8       Controls.TControl.UseRightToLeftAlignment
 0001:0003C7E0       Controls.TControl.UseRightToLeftReading
 0001:0003C810       Controls.TControl.UseRightToLeftScrollBar
 0001:0003D49C       Controls.TControl.VisibleChanging
 0001:0003E18C       Controls.TControl.WMCancelMode
 0001:0003EAEC       Controls.TControl.WMContextMenu
 0001:0003DDAC       Controls.TControl.WMLButtonDblClk
 0001:0003DD44       Controls.TControl.WMLButtonDown
 0001:0003E070       Controls.TControl.WMLButtonUp
 0001:0003DF28       Controls.TControl.WMMButtonDblClk
 0001:0003DEFC       Controls.TControl.WMMButtonDown
 0001:0003E114       Controls.TControl.WMMButtonUp
 0001:0003DF88       Controls.TControl.WMMouseMove
 0001:0003E134       Controls.TControl.WMMouseWheel
 0001:0003DD90       Controls.TControl.WMNCLButtonDown
 0001:0003DED0       Controls.TControl.WMRButtonDblClk
 0001:0003DEA4       Controls.TControl.WMRButtonDown
 0001:0003E0F4       Controls.TControl.WMRButtonUp
 0001:0003E1CC       Controls.TControl.WMWindowPosChanged
 0001:0003D4A0       Controls.TControl.WndProc
 0001:0003ED24       Controls.TControl.WriteExplicitHeight
 0001:0003ED34       Controls.TControl.WriteExplicitLeft
 0001:0003ED14       Controls.TControl.WriteExplicitTop
 0001:0003ED5C       Controls.TControl.WriteExplicitWidth
 0001:0003D80C       Controls.TControl.WriteIsControl
 0001:0003AB14       Controls.TControlActionLink.AssignClient
 0001:0003AB30       Controls.TControlActionLink.DoShowHint
 0001:0003AC20       Controls.TControlActionLink.IsCaptionLinked
 0001:0003AC94       Controls.TControlActionLink.IsDropdownMenuLinked
 0001:0003ACA8       Controls.TControlActionLink.IsEnabledLinked
 0001:0003ACDC       Controls.TControlActionLink.IsEnableDropdownLinked
 0001:0003AE7C       Controls.TControlActionLink.IsHelpLinked
 0001:0003ACF0       Controls.TControlActionLink.IsHintLinked
 0001:0003AD9C       Controls.TControlActionLink.IsOnExecuteLinked
 0001:0003AD28       Controls.TControlActionLink.IsPopupMenuLinked
 0001:0003AD68       Controls.TControlActionLink.IsVisibleLinked
 0001:0003ADC4       Controls.TControlActionLink.SetCaption
 0001:0003ADE4       Controls.TControlActionLink.SetDropdownMenu
 0001:0003ADE8       Controls.TControlActionLink.SetEnabled
 0001:0003AE08       Controls.TControlActionLink.SetEnableDropdown
 0001:0003AF04       Controls.TControlActionLink.SetHelpContext
 0001:0003AEE4       Controls.TControlActionLink.SetHelpKeyword
 0001:0003AF24       Controls.TControlActionLink.SetHelpType
 0001:0003AE0C       Controls.TControlActionLink.SetHint
 0001:0003AE50       Controls.TControlActionLink.SetOnExecute
 0001:0003AF44       Controls.TControlActionLink.SetPopupMenu
 0001:0003AE30       Controls.TControlActionLink.SetVisible
 0001:0003A8D0       Controls.TControlCanvas.CreateHandle
 0001:0003A8A4       Controls.TControlCanvas.Destroy
 0001:0003A978       Controls.TControlCanvas.FreeHandle
 0001:0003A9AC       Controls.TControlCanvas.SetControl
 0001:0003A9C4       Controls.TControlCanvas.UpdateTextFlags
 0001:00045C5C       Controls.TCustomControl.Create
 0001:00045CB8       Controls.TCustomControl.Destroy
 0001:00045DB4       Controls.TCustomControl.Paint
 0001:00045D08       Controls.TCustomControl.PaintWindow
 0001:00045CE8       Controls.TCustomControl.WMPaint
 0001:00048970       Controls.TDockTree.ActualSize
 0001:00046640       Controls.TDockTree.AdjustDockRect
 0001:00048A04       Controls.TDockTree.AdjustFrameRect
 0001:00046658       Controls.TDockTree.BeginUpdate
 0001:00048650       Controls.TDockTree.ControlVisibilityChanged
 0001:00046484       Controls.TDockTree.Create
 0001:000465EC       Controls.TDockTree.Destroy
 0001:00048250       Controls.TDockTree.DrawSizeSplitter
 0001:0004665C       Controls.TDockTree.EndUpdate
 0001:00046D0C       Controls.TDockTree.FindControlAtPos
 0001:000466C8       Controls.TDockTree.FindControlZone
 0001:00046730       Controls.TDockTree.ForEachAt
 0001:00046748       Controls.TDockTree.GetControlBounds
 0001:000483CC       Controls.TDockTree.GetNextLimit
 0001:000467BC       Controls.TDockTree.HitTest
 0001:000467CC       Controls.TDockTree.InsertControl
 0001:000469E8       Controls.TDockTree.InsertNewParent
 0001:00046B90       Controls.TDockTree.InsertSibling
 0001:00046EAC       Controls.TDockTree.InternalHitTest
 0001:00046F7C       Controls.TDockTree.LoadFromStream
 0001:00048A44       Controls.TDockTree.MouseDown
 0001:00048BF8       Controls.TDockTree.MouseMove
 0001:00048C48       Controls.TDockTree.MouseUp
 0001:00047448       Controls.TDockTree.PaintDockFrame
 0001:0004759C       Controls.TDockTree.PaintSite
 0001:000476D0       Controls.TDockTree.PositionDockRect
 0001:00047880       Controls.TDockTree.PruneZone
 0001:000489D8       Controls.TDockTree.ReferenceFromOrient
 0001:000489A0       Controls.TDockTree.RelativeSize
 0001:000478DC       Controls.TDockTree.RemoveControl
 0001:0004791C       Controls.TDockTree.RemoveZone
 0001:00047BBC       Controls.TDockTree.ResetBounds
 0001:00047E70       Controls.TDockTree.SaveToStream
 0001:00047CA4       Controls.TDockTree.ScaleZone
 0001:000480AC       Controls.TDockTree.SetNewBounds
 0001:000480DC       Controls.TDockTree.SetReplacingControl
 0001:000480F4       Controls.TDockTree.ShiftZone
 0001:00048CBC       Controls.TDockTree.ShowHint
 0001:00048128       Controls.TDockTree.SplitterMouseDown
 0001:00048188       Controls.TDockTree.SplitterMouseUp
 0001:00048204       Controls.TDockTree.UpdateAll
 0001:0004822C       Controls.TDockTree.UpdateZone
 0001:0004823C       Controls.TDockTree.WindowProc
 0001:000486D8       Controls.TDockTree.WndProc
 0001:00046C08       Controls.TDockTree.ZoneCaptionHitTest
 0001:00045DF8       Controls.TDockZone.Create
 0001:000463B0       Controls.TDockZone.ExpandZoneLimit
 0001:00046478       Controls.TDockZone.FirstVisibleChild
 0001:00045E1C       Controls.TDockZone.GetChildCount
 0001:00046100       Controls.TDockZone.GetControlName
 0001:00045FA0       Controls.TDockZone.GetHeightWidth
 0001:00045E8C       Controls.TDockZone.GetLimitBegin
 0001:00045ED4       Controls.TDockZone.GetLimitSize
 0001:00045F1C       Controls.TDockZone.GetTopLeft
 0001:00045E54       Controls.TDockZone.GetVisible
 0001:00045E30       Controls.TDockZone.GetVisibleChildCount
 0001:00046374       Controls.TDockZone.GetZoneLimit
 0001:00046450       Controls.TDockZone.NextVisible
 0001:0004645C       Controls.TDockZone.PrevVisible
 0001:00046058       Controls.TDockZone.ResetChildren
 0001:000463F0       Controls.TDockZone.ResetZoneLimits
 0001:00046144       Controls.TDockZone.SetControlName
 0001:0004639C       Controls.TDockZone.SetZoneLimit
 0001:000461F8       Controls.TDockZone.Update
 0001:0003940C       Controls.TDragControlObject.GetDragCursor
 0001:00039424       Controls.TDragControlObject.GetDragImages
 0001:00039430       Controls.TDragControlObject.HideDragImage
 0001:00039450       Controls.TDragControlObject.ShowDragImage
 0001:00039470       Controls.TDragControlObjectEx.BeforeDestruction
 0001:000395AC       Controls.TDragDockObject.AdjustDockRect
 0001:0003950C       Controls.TDragDockObject.Assign
 0001:00039474       Controls.TDragDockObject.Create
 0001:000394DC       Controls.TDragDockObject.Destroy
 0001:00039628       Controls.TDragDockObject.DrawDragDockImage
 0001:0003956C       Controls.TDragDockObject.EndDrag
 0001:0003963C       Controls.TDragDockObject.EraseDragDockImage
 0001:00039650       Controls.TDragDockObject.GetDragCursor
 0001:0003965C       Controls.TDragDockObject.GetEraseWhenMoving
 0001:00039660       Controls.TDragDockObject.GetFrameWidth
 0001:00039668       Controls.TDragDockObjectEx.BeforeDestruction
 0001:00045A9C       Controls.TDragImageList.BeginDrag
 0001:00045B10       Controls.TDragImageList.DragLock
 0001:00045B98       Controls.TDragImageList.DragMove
 0001:00045B74       Controls.TDragImageList.DragUnlock
 0001:00045C0C       Controls.TDragImageList.EndDrag
 0001:00045BF4       Controls.TDragImageList.HideDragImage
 0001:00045A78       Controls.TDragImageList.SetDragCursor
 0001:00045A30       Controls.TDragImageList.SetDragImage
 0001:00045BDC       Controls.TDragImageList.ShowDragImage
 0001:00039354       Controls.TDragObject.AfterConstruction
 0001:00039100       Controls.TDragObject.Assign
 0001:00039344       Controls.TDragObject.BeforeDestruction
 0001:00039140       Controls.TDragObject.Capture
 0001:00039158       Controls.TDragObject.Finished
 0001:000392D0       Controls.TDragObject.GetDragCursor
 0001:000392CC       Controls.TDragObject.GetDragImages
 0001:00039160       Controls.TDragObject.GetName
 0001:000392E8       Controls.TDragObject.HideDragImage
 0001:000392EC       Controls.TDragObject.Instance
 0001:000392F8       Controls.TDragObject.MainWndProc
 0001:00039188       Controls.TDragObject.ReleaseCapture
 0001:000392F4       Controls.TDragObject.ShowDragImage
 0001:0003919C       Controls.TDragObject.WndProc
 0001:000452B0       Controls.TGraphicControl.Create
 0001:0004530C       Controls.TGraphicControl.Destroy
 0001:000453F4       Controls.TGraphicControl.Paint
 0001:0004534C       Controls.TGraphicControl.WMPaint
 0001:000456E4       Controls.THintWindow.ActivateHint
 0001:000458D8       Controls.THintWindow.ActivateHintData
 0001:00045900       Controls.THintWindow.CalcHintRect
 0001:0004564C       Controls.THintWindow.CMTextChanged
 0001:000453F8       Controls.THintWindow.Create
 0001:00045464       Controls.THintWindow.CreateParams
 0001:000455DC       Controls.THintWindow.IsHintMsg
 0001:0004595C       Controls.THintWindow.NCPaint
 0001:00045534       Controls.THintWindow.Paint
 0001:00045640       Controls.THintWindow.ReleaseHandle
 0001:000459EC       Controls.THintWindow.ShouldHideHint
 0001:000454C8       Controls.THintWindow.WMNCHitTest
 0001:000454D0       Controls.THintWindow.WMNCPaint
 0001:000459C8       Controls.THintWindow.WMPrint
 0001:0004960C       Controls.TMargins.AssignTo
 0001:00049654       Controls.TMargins.Change
 0001:000495C8       Controls.TMargins.Create
 0001:000497CC       Controls.TMargins.GetControlBound
 0001:00049668       Controls.TMargins.InitDefaults
 0001:000496E0       Controls.TMargins.SetControlBounds
 0001:00049688       Controls.TMargins.SetMargin
 0001:00048DB0       Controls.TMouse.Create
 0001:00048E40       Controls.TMouse.CreatePanningWindow
 0001:00048E6C       Controls.TMouse.Destroy
 0001:00048E9C       Controls.TMouse.GetCapture
 0001:00048EA4       Controls.TMouse.GetCursorPos
 0001:00048EB4       Controls.TMouse.GetIsDragging
 0001:00048EC0       Controls.TMouse.GetIsPanning
 0001:00048EE4       Controls.TMouse.GetMouseData
 0001:00048F00       Controls.TMouse.GetNativeData
 0001:00048F30       Controls.TMouse.GetRegisteredData
 0001:00048F58       Controls.TMouse.SetCapture
 0001:00048F80       Controls.TMouse.SetPanningWindow
 0001:00048FA0       Controls.TMouse.SettingChanged
 0001:00049990       Controls.TPadding.InitDefaults
 0001:00042C5C       Controls.TraverseControls
 0003:00001610       Controls.TreeStreamEndFlag
 0001:00038FE4       Controls.TSiteList.AddSite
 0001:00039068       Controls.TSiteList.Clear
 0001:00038F80       Controls.TSiteList.Find
 0001:0003909C       Controls.TSiteList.GetTopSite
 0001:0003AA2C       Controls.TSizeConstraints.AssignTo
 0001:0003AB00       Controls.TSizeConstraints.Change
 0001:0003A9F0       Controls.TSizeConstraints.Create
 0001:0003AA74       Controls.TSizeConstraints.SetConstraints
 0001:00044898       Controls.TWinControl.ActionChange
 0001:000400C0       Controls.TWinControl.AddBiDiModeExStyle
 0001:0003F158       Controls.TWinControl.AdjustClientRect
 0001:00043DB8       Controls.TWinControl.AdjustSize
 0001:0003FA24       Controls.TWinControl.AlignControl
 0001:0003F920       Controls.TWinControl.AlignControls
 0001:0003F188       Controls.TWinControl.ArrangeControl
 0001:000448E0       Controls.TWinControl.AssignTo
 0001:0003FFBC       Controls.TWinControl.Broadcast
 0001:000443D0       Controls.TWinControl.CalcConstraints
 0001:00044910       Controls.TWinControl.CanAutoSize
 0001:00043B74       Controls.TWinControl.CanFocus
 0001:00044304       Controls.TWinControl.CanResize
 0001:00043738       Controls.TWinControl.ChangeScale
 0001:00042F84       Controls.TWinControl.CMBiDiModeChanged
 0001:000431E0       Controls.TWinControl.CMBorderChanged
 0001:0004305C       Controls.TWinControl.CMChanged
 0001:00043070       Controls.TWinControl.CMChildKey
 0001:0004313C       Controls.TWinControl.CMColorChanged
 0001:00043320       Controls.TWinControl.CMControlListChange
 0001:00043334       Controls.TWinControl.CMControlListChanging
 0001:00043220       Controls.TWinControl.CMCtl3DChanged
 0001:000431A0       Controls.TWinControl.CMCursorChanged
 0001:0004303C       Controls.TWinControl.CMDesignHitTest
 0001:0004308C       Controls.TWinControl.CMDialogChar
 0001:00043084       Controls.TWinControl.CMDialogKey
 0001:00042818       Controls.TWinControl.CMDockClient
 0001:000432C0       Controls.TWinControl.CMDrag
 0001:000430F4       Controls.TWinControl.CMEnabledChanged
 0001:00042FBC       Controls.TWinControl.CMEnter
 0001:0004302C       Controls.TWinControl.CMExit
 0001:00042930       Controls.TWinControl.CMFloat
 0001:00043094       Controls.TWinControl.CMFocusChanged
 0001:000432B0       Controls.TWinControl.CMFontChange
 0001:00043164       Controls.TWinControl.CMFontChanged
 0001:00043A70       Controls.TWinControl.CMInvalidate
 0001:00043260       Controls.TWinControl.CMParentCtl3DChanged
 0001:00040928       Controls.TWinControl.CMRecreateWnd
 0001:00042F6C       Controls.TWinControl.CMShowHintChanged
 0001:000430CC       Controls.TWinControl.CMShowingChanged
 0001:000432A0       Controls.TWinControl.CMSysColorChange
 0001:00043348       Controls.TWinControl.CMSysFontChanged
 0001:000450A8       Controls.TWinControl.CMTextChanged
 0001:000432B8       Controls.TWinControl.CMTimeChange
 0001:00042908       Controls.TWinControl.CMUnDockClient
 0001:0004309C       Controls.TWinControl.CMVisibleChanged
 0001:000432A8       Controls.TWinControl.CMWinIniChange
 0001:00043534       Controls.TWinControl.CNChar
 0001:000433FC       Controls.TWinControl.CNKeyDown
 0001:000434E0       Controls.TWinControl.CNKeyUp
 0001:000435E0       Controls.TWinControl.CNSysChar
 0001:00043584       Controls.TWinControl.CNSysKeyDown
 0001:0004485C       Controls.TWinControl.ConstrainedResize
 0001:0003FD04       Controls.TWinControl.ContainsControl
 0001:00040D44       Controls.TWinControl.ControlAtPos
 0001:000426BC       Controls.TWinControl.ControlsAligned
 0001:0003EDE8       Controls.TWinControl.Create
 0001:000426C0       Controls.TWinControl.CreateDockManager
 0001:0004074C       Controls.TWinControl.CreateHandle
 0001:00040128       Controls.TWinControl.CreateParams
 0001:00040054       Controls.TWinControl.CreateSubClass
 0001:00040424       Controls.TWinControl.CreateWindowHandle
 0001:00040254       Controls.TWinControl.CreateWnd
 0001:000407E4       Controls.TWinControl.CustomAlignInsertBefore
 0001:00040808       Controls.TWinControl.CustomAlignPosition
 0001:000414AC       Controls.TWinControl.DefaultHandler
 0001:000405E4       Controls.TWinControl.DefineProperties
 0001:0003EF2C       Controls.TWinControl.Destroy
 0001:0004089C       Controls.TWinControl.DestroyHandle
 0001:000406A0       Controls.TWinControl.DestroyWindowHandle
 0001:00040640       Controls.TWinControl.DestroyWnd
 0001:0003FAB8       Controls.TWinControl.DisableAlign
 0001:00042450       Controls.TWinControl.DoAddDockClient
 0001:000424A4       Controls.TWinControl.DockDrop
 0001:00042528       Controls.TWinControl.DockOver
 0001:000450F4       Controls.TWinControl.DockReplaceDockClient
 0001:000424F4       Controls.TWinControl.DoDockOver
 0001:00042464       Controls.TWinControl.DoEnter
 0001:00042484       Controls.TWinControl.DoExit
 0001:0003FAE8       Controls.TWinControl.DoFlipChildren
 0001:000429E0       Controls.TWinControl.DoKeyDown
 0001:00042BD4       Controls.TWinControl.DoKeyPress
 0001:00042B0C       Controls.TWinControl.DoKeyUp
 0001:00045158       Controls.TWinControl.DoPaddingChange
 0001:00042460       Controls.TWinControl.DoRemoveDockClient
 0001:0004256C       Controls.TWinControl.DoUnDock
 0001:0003FAC0       Controls.TWinControl.EnableAlign
 0001:000440FC       Controls.TWinControl.FindNextControl
 0001:0003F00C       Controls.TWinControl.FixupTabList
 0001:0003FBBC       Controls.TWinControl.FlipChildren
 0001:00043BF0       Controls.TWinControl.Focused
 0001:000448D8       Controls.TWinControl.GetActionLinkClass
 0001:0004427C       Controls.TWinControl.GetChildren
 0001:00043D80       Controls.TWinControl.GetClientOrigin
 0001:00043DA0       Controls.TWinControl.GetClientRect
 0001:0003FF60       Controls.TWinControl.GetControl
 0001:0003FF9C       Controls.TWinControl.GetControlCount
 0001:00043C4C       Controls.TWinControl.GetControlExtents
 0001:00043A0C       Controls.TWinControl.GetDeviceContext
 0001:000425EC       Controls.TWinControl.GetDockClientCount
 0001:00042600       Controls.TWinControl.GetDockClients
 0001:00043C38       Controls.TWinControl.GetHandle
 0001:00045060       Controls.TWinControl.GetParentBackground
 0001:00042624       Controls.TWinControl.GetSiteInfo
 0001:00043E70       Controls.TWinControl.GetTabOrder
 0001:0004409C       Controls.TWinControl.GetTabOrderList
 0001:00042680       Controls.TWinControl.GetVisibleDockClientCount
 0001:00043FD8       Controls.TWinControl.HandleAllocated
 0001:00043C14       Controls.TWinControl.HandleNeeded
 0001:0003FD38       Controls.TWinControl.Insert
 0001:0003FDCC       Controls.TWinControl.InsertControl
 0001:00043A60       Controls.TWinControl.Invalidate
 0001:000450C0       Controls.TWinControl.InvalidateDockHostSite
 0001:00043B3C       Controls.TWinControl.InvalidateFrame
 0001:00040E08       Controls.TWinControl.IsControlActivateMsg
 0001:00040F54       Controls.TWinControl.IsControlMouseMsg
 0001:00043E38       Controls.TWinControl.IsCtl3DStored
 0001:00043364       Controls.TWinControl.IsMenuKey
 0001:00045134       Controls.TWinControl.IsQualifyingSite
 0001:000429B4       Controls.TWinControl.KeyDown
 0001:00042BB4       Controls.TWinControl.KeyPress
 0001:00042AE0       Controls.TWinControl.KeyUp
 0001:00040C00       Controls.TWinControl.MainWndProc
 0001:0003FFFC       Controls.TWinControl.Notification
 0001:0004002C       Controls.TWinControl.NotifyControls
 0001:00041780       Controls.TWinControl.PaintControls
 0001:000415E8       Controls.TWinControl.PaintHandler
 0001:00041A50       Controls.TWinControl.PaintTo
 0001:00041758       Controls.TWinControl.PaintWindow
 0001:00042ED0       Controls.TWinControl.PaletteChanged
 0001:00040704       Controls.TWinControl.PrecedingWindow
 0001:00045100       Controls.TWinControl.PreProcessMessage
 0001:00040464       Controls.TWinControl.ReadDesignSize
 0001:0003F0E0       Controls.TWinControl.ReadState
 0001:0003FAE0       Controls.TWinControl.Realign
 0001:00040910       Controls.TWinControl.RecreateWnd
 0001:000425C8       Controls.TWinControl.ReloadDockedControl
 0001:0003FD84       Controls.TWinControl.Remove
 0001:0003FEC0       Controls.TWinControl.RemoveControl
 0001:0003FD18       Controls.TWinControl.RemoveFocus
 0001:00045104       Controls.TWinControl.RemoveWindowProps
 0001:00043B20       Controls.TWinControl.Repaint
 0001:00042370       Controls.TWinControl.ResetIme
 0001:000436F0       Controls.TWinControl.ScaleControls
 0001:000437E4       Controls.TWinControl.ScrollBy
 0001:00044234       Controls.TWinControl.SelectFirst
 0001:00044208       Controls.TWinControl.SelectNext
 0001:00044AD8       Controls.TWinControl.SetBevelCut
 0001:00044B1C       Controls.TWinControl.SetBevelEdges
 0001:00044B4C       Controls.TWinControl.SetBevelKind
 0001:00044B6C       Controls.TWinControl.SetBevelWidth
 0001:00043DF4       Controls.TWinControl.SetBorderWidth
 0001:00043614       Controls.TWinControl.SetBounds
 0001:000442C4       Controls.TWinControl.SetChildOrder
 0001:00043E14       Controls.TWinControl.SetCtl3D
 0001:0004272C       Controls.TWinControl.SetDesignVisible
 0001:00042760       Controls.TWinControl.SetDockSite
 0001:00043BB4       Controls.TWinControl.SetFocus
 0001:00042240       Controls.TWinControl.SetIme
 0001:00045160       Controls.TWinControl.SetPadding
 0001:00045234       Controls.TWinControl.SetParent
 0001:00045068       Controls.TWinControl.SetParentBackground
 0001:00043E44       Controls.TWinControl.SetParentCtl3D
 0001:00040B1C       Controls.TWinControl.SetParentWindow
 0001:00043EF0       Controls.TWinControl.SetTabOrder
 0001:00043F08       Controls.TWinControl.SetTabStop
 0001:00043F68       Controls.TWinControl.SetUseDockManager
 0001:000439AC       Controls.TWinControl.SetZOrder
 0001:000438D4       Controls.TWinControl.SetZOrderPosition
 0001:000438BC       Controls.TWinControl.ShowControl
 0001:00043B04       Controls.TWinControl.Update
 0001:00043FE4       Controls.TWinControl.UpdateBounds
 0001:000451B8       Controls.TWinControl.UpdateControlOriginalParentSize
 0001:00040AD8       Controls.TWinControl.UpdateControlState
 0001:0004516C       Controls.TWinControl.UpdateRecreatingFlag
 0001:000409B4       Controls.TWinControl.UpdateShowing
 0001:00043E94       Controls.TWinControl.UpdateTabOrder
 0001:00044F88       Controls.TWinControl.UpdateUIState
 0001:00042C3C       Controls.TWinControl.WMChar
 0001:00042DB8       Controls.TWinControl.WMCharToItem
 0001:00041D40       Controls.TWinControl.WMCommand
 0001:00041E14       Controls.TWinControl.WMCompareItem
 0001:00044F10       Controls.TWinControl.WMContextMenu
 0001:00041E38       Controls.TWinControl.WMDeleteItem
 0001:00042E2C       Controls.TWinControl.WMDestroy
 0001:00041E5C       Controls.TWinControl.WMDrawItem
 0001:00041ED4       Controls.TWinControl.WMEraseBkgnd
 0001:00041DB4       Controls.TWinControl.WMFontChange
 0001:00041DD4       Controls.TWinControl.WMHScroll
 0001:0004222C       Controls.TWinControl.WMIMEEndComp
 0001:00042218       Controls.TWinControl.WMIMEStartComp
 0001:00042A88       Controls.TWinControl.WMKeyDown
 0001:00042B74       Controls.TWinControl.WMKeyUp
 0001:000421FC       Controls.TWinControl.WMKillFocus
 0001:00041E80       Controls.TWinControl.WMMeasureItem
 0001:00041EA0       Controls.TWinControl.WMMouseActivate
 0001:000420C0       Controls.TWinControl.WMMove
 0001:00044B8C       Controls.TWinControl.WMNCCalcSize
 0001:00042E90       Controls.TWinControl.WMNCDestroy
 0001:00042EAC       Controls.TWinControl.WMNCHitTest
 0001:00044C1C       Controls.TWinControl.WMNCPaint
 0001:00041D60       Controls.TWinControl.WMNotify
 0001:00041BE0       Controls.TWinControl.WMPaint
 0001:00042F4C       Controls.TWinControl.WMPaletteChanged
 0001:00042DD8       Controls.TWinControl.WMParentNotify
 0001:00044FD4       Controls.TWinControl.WMPrintClient
 0001:00042F28       Controls.TWinControl.WMQueryNewPalette
 0001:000420DC       Controls.TWinControl.WMSetCursor
 0001:000421E0       Controls.TWinControl.WMSetFocus
 0001:00042088       Controls.TWinControl.WMSize
 0001:00041D84       Controls.TWinControl.WMSysColorChange
 0001:00042D0C       Controls.TWinControl.WMSysCommand
 0001:00042AB4       Controls.TWinControl.WMSysKeyDown
 0001:00042B94       Controls.TWinControl.WMSysKeyUp
 0001:00041DC4       Controls.TWinControl.WMTimeChange
 0001:00042E0C       Controls.TWinControl.WMVKeyToItem
 0001:00041DF4       Controls.TWinControl.WMVScroll
 0001:00041F74       Controls.TWinControl.WMWindowPosChanged
 0001:00042034       Controls.TWinControl.WMWindowPosChanging
 0001:00041DA0       Controls.TWinControl.WMWinIniChange
 0001:00041008       Controls.TWinControl.WndProc
 0001:0004049C       Controls.TWinControl.WriteDesignSize
 0001:0003EDB4       Controls.TWinControlActionLink.AssignClient
 0001:0003EDD8       Controls.TWinControlActionLink.IsHelpContextLinked
 0001:0003EDE0       Controls.TWinControlActionLink.SetHelpContext
 0001:0003E554       Controls.UpdateFloatingDockSitePos
 0001:000396D8       Controls.ValidDockTarget
 0001:0004926C       Controls.Win32NLSEnableIME
 0004:00003528       Controls.WindowAtom
 0004:0000352C       Controls.WindowAtomString
 0003:000015B8       Controls.WindowPos
 0001:00047CE4       Controls.WriteControlName
 0004:00003590       Controls._ImmGetCompositionString
 0004:00003574       Controls._ImmGetContext
 0004:0000357C       Controls._ImmGetConversionStatus
 0004:00003594       Controls._ImmIsIME
 0004:00003598       Controls._ImmNotifyIME
 0004:00003578       Controls._ImmReleaseContext
 0004:0000358C       Controls._ImmSetCompositionFont
 0004:00003588       Controls._ImmSetCompositionWindow
 0004:00003580       Controls._ImmSetConversionStatus
[...]
 0003:00000D74       Graphics.DefPenData
 0003:00000D84       Graphics.PenStyles
 0003:00000D98       Graphics.DefBrushData
 0003:00000DA8       Graphics.PenModes
 0003:00000DC8       Graphics.ClipboardFormats
 0003:00000DCC       Graphics.FileFormats
 0003:00000DD0       Graphics.BitmapCanvasList
 0003:00000DD4       Graphics.DIBPalSizes
 0003:00000DD8       Graphics.PalSize
 0003:00000DDC       Graphics.Pal16
 0003:00000E1C       StdCtrls.BorderStyles
 0003:00000E24       StdCtrls.Ellipsis
 0003:00000E34       StdCtrls.Alignments
 0003:00000E3C       StdCtrls.WordWraps
 0003:00000E40       StdCtrls.WordWraps
 0003:00000E44       StdCtrls.Passwords
 0003:00000E4C       StdCtrls.ReadOnlys
 0003:00000E54       StdCtrls.CharCases
 0003:00000E60       StdCtrls.HideSelections
 0003:00000E68       StdCtrls.OEMConverts
 0003:00000E70       StdCtrls.ButtonStyles
 0003:00000E78       StdCtrls.Alignments
 0003:00000E88       Printers.FPrinter
 0003:00000E8C       GraphUtil.WebNamedColors
 0003:000012DC       Dialogs.CreationControl
 0003:000012E0       Dialogs.WndProcPtrAtom
 0003:000012E4       Dialogs.Captions
 0003:000012F8       Dialogs.IconIDs
 0003:0000130C       Dialogs.ButtonNames
 0003:00001338       Dialogs.ButtonCaptions
 0003:00001364       Dialogs.ModalResults
 0003:00001390       Themes.ThemeServicesClass
 0003:00001394       Themes.Copyright
 0003:00001398       Themes.ThemeDataNames
 0003:000013F8       Menus.ValidMenuHotkeys
 0003:000013FC       Menus.cMenuAutoFlagToItem
 0003:00001400       Menus.cItemAutoFlagToMenu
 0003:00001404       Menus.cBooleanToItemAutoFlag
 0003:00001408       Menus.cItemAutoFlagToBoolean
 0003:0000140C       Menus.MenuKeyCaps
 0003:00001454       Menus.Checks
 0003:0000145C       Menus.Enables
 0003:00001464       Menus.Breaks
 0003:00001470       Menus.Separators
 0003:00001478       Menus.IBreaks
 0003:00001484       Menus.IChecks
 0003:0000148C       Menus.IDefaults
 0003:00001494       Menus.IEnables
 0003:0000149C       Menus.IRadios
 0003:000014A4       Menus.ISeparators
 0003:000014AC       Menus.IRTL
 0003:000014B4       Menus.IOwnerDraw
 0003:000014BC       Menus.Alignments
 0003:000014C4       Menus.EdgeStyle
 0003:000014CC       Menus.Alignments
 0003:000014D4       Menus.CurrentKeyboardLayout
 0003:000014D8       Menus.IsAltGRKeyLayout
 0003:000014DC       Menus.Flags
 0003:000014E8       Menus.Buttons
 0003:000014EC       Controls.AnimateWindowProc
 0003:000014F0       Controls.CreationControl
 0003:000014F4       Controls.DefaultDockTreeClass
 0003:000014F8       Controls.AnchorAlign
 0003:00001500       Controls.Cursors
 0003:000015B0       Controls.CaptureControl
 0003:000015B4       Controls.ShowFlags
 0003:000015B8       Controls.WindowPos
 0003:000015BC       Controls.InnerStyles
 0003:000015CC       Controls.OuterStyles
 0003:000015DC       Controls.EdgeStyles
 0003:000015EC       Controls.Ctl3DStyles
 0003:000015F4       Controls.AnimationStyle
 0003:00001600       Controls.OrientArray
 0003:00001608       Controls.MakeLast
 0003:00001610       Controls.TreeStreamEndFlag
 0003:00001614       Controls.SizeCursors
 0003:0000161C       Controls.IMM32DLL
 0003:00001620       Controls.ModeMap
 0003:00001628       ImgList.DrawingStyles
 0003:00001638       ImgList.Images
 0003:00001640       ImgList.Mask
 0003:00001648       Forms.HintWindowClass
 0003:0000164C       Forms.SetLayeredWindowAttributes
 0003:00001650       Forms.FocusMessages
 0003:00001654       Forms.FocusCount
 0003:00001658       Forms.TaskActiveWindow
 0003:0000165C       Forms.TaskFirstWindow
 0003:00001660       Forms.TaskFirstTopMost
 0003:00001664       Forms.DisablingWindows
 0003:00001668       Forms.TaskWindowList
 0003:0000166C       Forms.SysConsts
 0003:00001674       Forms.SysConsts
 0003:0000167C       Forms.Props
 0003:000016A4       Forms.Styles
 0003:000016B0       Forms.HWND_STYLE
 0003:000016B8       Forms.ShowCommands
 0003:000016C4       Forms.ShowCommands
 0003:000016D0       Forms.ShowCommands
 0003:000016DC       Forms.cUseAlpha
 0003:000016E4       Forms.cUseColorKey
 0003:000016EC       Forms.CursorMap
 0003:00001740       Forms.WindowClass
 0003:00001768       Forms.AppVisible
 0003:0000176C       Forms.ShowFlags
 0004:00000000       System.DispCallByIDProc
 0004:00000004       System.ExceptProc
 0004:00000008       System.ErrorProc
 0004:0000000C       System.ExceptClsProc
 0004:00000010       System.ExceptObjProc
 0004:00000014       System.RaiseExceptionProc
 0004:00000018       System.RTLUnwindProc
 0004:0000001C       System.ExceptionClass
 0004:00000020       System.AssertErrorProc
 0004:00000024       System.ExitProcessProc
 0004:00000028       System.AbstractErrorProc
 0004:0000002C       System.MainInstance
 0004:00000030       System.MainThreadID
 0004:00000034       System.IsLibrary
 0004:00000038       System.CmdShow
 0004:0000003C       System.CmdLine
 0004:00000040       System.InitProc
 0004:00000044       System.ExitProc
 0004:00000048       System.IsConsole
 0004:00000049       System.IsMultiThread
 0004:0000004A       System.Test8086
 0004:0000004C       System.Input
 0004:00000218       System.Output
 0004:000003E4       System.ErrOutput
 0004:000005B0       System.ReportMemoryLeaksOnShutdown
 0004:000005B4       System..6
 0004:000005B8       System.DefaultSystemCodePage
 0004:000005BC       System.AllocSize2SmallBlockTypeIndX4
 0004:00000702       System.MinimumBlockAlignment
 0004:00000704       System.MediumBlockPoolsCircularList
 0004:00000714       System.MediumBlocksLocked
 0004:00000718       System.LastSequentiallyFedMediumBlock
 0004:0000071C       System.MediumSequentialFeedBytesLeft
 0004:00000720       System.MediumBlockBinGroupBitmap
 0004:00000724       System.MediumBlockBinBitmaps
 0004:000007A4       System.MediumBlockBins
 0004:000027A4       System.LargeBlocksLocked
 0004:000027A8       System.LargeBlocksCircularList
 0004:000027B8       System.ExpectedMemoryLeaks
 0004:000027BC       System.ExpectedMemoryLeaksListLocked
 0004:000027C0       System.MMSharingWindow
 0004:000027C4       System.InitContext
 0004:000027F0       SysInit.ModuleIsLib
 0004:000027F1       SysInit.ModuleIsCpp
 0004:000027F4       SysInit.HInstance
 0004:000027F8       SysInit.tlsBuffer
 0004:000027FC       Windows..3
 0004:00002800       Windows.HtmlHelpModule
 0004:00002804       SysUtils.CurrencyString
 0004:00002808       SysUtils.CurrencyFormat
 0004:00002809       SysUtils.NegCurrFormat
 0004:0000280A       SysUtils.ThousandSeparator
 0004:0000280B       SysUtils.DecimalSeparator
 0004:0000280C       SysUtils.CurrencyDecimals
 0004:0000280D       SysUtils.DateSeparator
 0004:00002810       SysUtils.ShortDateFormat
 0004:00002814       SysUtils.LongDateFormat
 0004:00002818       SysUtils.TimeSeparator
 0004:0000281C       SysUtils.TimeAMString
 0004:00002820       SysUtils.TimePMString
 0004:00002824       SysUtils.ShortTimeFormat
 0004:00002828       SysUtils.LongTimeFormat
 0004:0000282C       SysUtils.ShortMonthNames
 0004:0000285C       SysUtils.LongMonthNames
 0004:0000288C       SysUtils.ShortDayNames
 0004:000028A8       SysUtils.LongDayNames
 0004:000028C4       SysUtils.SysLocale
 0004:000028D2       SysUtils.ListSeparator
 0004:000028D4       SysUtils.EraNames
 0004:000028F0       SysUtils.EraYearOffsets
 0004:0000290C       SysUtils.TrueBoolStrs
 0004:00002910       SysUtils.FalseBoolStrs
 0004:00002914       SysUtils..35
 0004:00002918       SysUtils.OutOfMemory
 0004:0000291C       SysUtils.InvalidPointer
 0004:00002920       SysUtils.CharHash
 0004:00002A20       SysUtils.ValidatedUnitHashBuckets
 0004:00002E20       SysUtils.UnitHashBuckets
 0004:00003220       SysUtils.FLanguages
 0004:00003224       VarUtils.VariantChangeTypeEx
 0004:00003228       VarUtils.VarNeg
 0004:0000322C       VarUtils.VarNot
 0004:00003230       VarUtils.VarAdd
 0004:00003234       VarUtils.VarSub
 0004:00003238       VarUtils.VarMul
 0004:0000323C       VarUtils.VarDiv
 0004:00003240       VarUtils.VarIDiv
 0004:00003244       VarUtils.VarMod
 0004:00003248       VarUtils.VarAnd
 0004:0000324C       VarUtils.VarOr
 0004:00003250       VarUtils.VarXor
 0004:00003254       VarUtils.VarCmp
 0004:00003258       VarUtils.VarI4FromStr
 0004:0000325C       VarUtils.VarR4FromStr
 0004:00003260       VarUtils.VarR8FromStr
 0004:00003264       VarUtils.VarDateFromStr
 0004:00003268       VarUtils.VarCyFromStr
 0004:0000326C       VarUtils.VarBoolFromStr
 0004:00003270       VarUtils.VarBstrFromCy
 0004:00003274       VarUtils.VarBstrFromDate
 0004:00003278       VarUtils.VarBstrFromBool
 0004:0000327C       VarUtils..5
 0004:00003280       Variants.EmptyParam
 0004:00003290       Variants.VarDispProc
 0004:00003294       Variants.ClearAnyProc
 0004:00003298       Variants.ChangeAnyProc
 0004:0000329C       Variants.RefAnyProc
 0004:000032A0       Variants..81
 0004:000032A4       Variants.LVarTypes
 0004:000032A8       Variants.LVarTypeSync
 0004:000032C0       TypInfo..6
 0004:000032C4       Classes.GlobalNameSpace
 0004:000032C8       Classes.IsUniqueGlobalComponentNameProc
 0004:000032CC       Classes.SyncEvent
 0004:000032D0       Classes..95
 0004:000032D4       Classes.IntConstList
 0004:000032D8       Classes.RegGroups
 0004:000032DC       Classes.FindGlobalComponentProcs
 0004:000032E0       Classes.GlobalFixupList
 0004:000032E4       Classes.ThreadLock
 0004:000032FC       Classes.InstBlockList
 0004:00003300       Classes.InstFreeList
 0004:00003304       HelpIntfs..2
 0004:00003308       HelpIntfs.HelpManager
 0004:0000330C       MultiMon.GetSystemMetrics
 0004:00003310       MultiMon.MonitorFromWindow
 0004:00003314       MultiMon.MonitorFromRect
 0004:00003318       MultiMon.MonitorFromPoint
 0004:0000331C       MultiMon.GetMonitorInfo
 0004:00003320       MultiMon.GetMonitorInfoA
 0004:00003324       MultiMon.GetMonitorInfoW
 0004:00003328       MultiMon.EnumDisplayMonitors
 0004:0000332C       MultiMon..1
 0004:00003330       MultiMon.User32Dll
 0004:00003334       MultiMon.InitApis
 0004:0000333C       MultiMon.MMAvailable
 0004:00003340       IniFiles..8
 0004:00003344       Registry..5
 0004:00003348       Graphics.SystemPalette16
 0004:0000334C       Graphics..12
 0004:00003350       Graphics.ScreenLogPixels
 0004:00003354       Graphics.StockPen
 0004:00003358       Graphics.StockBrush
 0004:0000335C       Graphics.StockFont
 0004:00003360       Graphics.StockIcon
 0004:00003364       Graphics.BitmapImageLock
 0004:0000337C       Graphics.CounterLock
 0004:00003394       Graphics.FontManager
 0004:00003398       Graphics.PenManager
 0004:0000339C       Graphics.BrushManager
 0004:000033A0       Graphics.CanvasList
 0004:000033A4       Graphics.PatternManager
 0004:000033A8       UxTheme.OpenThemeData
 0004:000033AC       UxTheme.CloseThemeData
 0004:000033B0       UxTheme.DrawThemeBackground
 0004:000033B4       UxTheme.DrawThemeText
 0004:000033B8       UxTheme.GetThemeBackgroundContentRect
 0004:000033BC       UxTheme.GetThemeBackgroundExtent
 0004:000033C0       UxTheme.GetThemePartSize
 0004:000033C4       UxTheme.GetThemeTextExtent
 0004:000033C8       UxTheme.GetThemeTextMetrics
 0004:000033CC       UxTheme.GetThemeBackgroundRegion
 0004:000033D0       UxTheme.HitTestThemeBackground
 0004:000033D4       UxTheme.DrawThemeEdge
 0004:000033D8       UxTheme.DrawThemeIcon
 0004:000033DC       UxTheme.IsThemePartDefined
 0004:000033E0       UxTheme.IsThemeBackgroundPartiallyTransparent
 0004:000033E4       UxTheme.GetThemeColor
 0004:000033E8       UxTheme.GetThemeMetric
 0004:000033EC       UxTheme.GetThemeString
 0004:000033F0       UxTheme.GetThemeBool
 0004:000033F4       UxTheme.GetThemeInt
 0004:000033F8       UxTheme.GetThemeEnumValue
 0004:000033FC       UxTheme.GetThemePosition
 0004:00003400       UxTheme.GetThemeFont
 0004:00003404       UxTheme.GetThemeRect
 0004:00003408       UxTheme.GetThemeMargins
 0004:0000340C       UxTheme.GetThemeIntList
 0004:00003410       UxTheme.GetThemePropertyOrigin
 0004:00003414       UxTheme.SetWindowTheme
 0004:00003418       UxTheme.GetThemeFilename
 0004:0000341C       UxTheme.GetThemeSysColor
 0004:00003420       UxTheme.GetThemeSysColorBrush
 0004:00003424       UxTheme.GetThemeSysBool
 0004:00003428       UxTheme.GetThemeSysSize
 0004:0000342C       UxTheme.GetThemeSysFont
 0004:00003430       UxTheme.GetThemeSysString
 0004:00003434       UxTheme.GetThemeSysInt
 0004:00003438       UxTheme.IsThemeActive
 0004:0000343C       UxTheme.IsAppThemed
 0004:00003440       UxTheme.GetWindowTheme
 0004:00003444       UxTheme.EnableThemeDialogTexture
 0004:00003448       UxTheme.IsThemeDialogTextureEnabled
 0004:0000344C       UxTheme.GetThemeAppProperties
 0004:00003450       UxTheme.SetThemeAppProperties
 0004:00003454       UxTheme.GetCurrentThemeName
 0004:00003458       UxTheme.GetThemeDocumentationProperty
 0004:0000345C       UxTheme.DrawThemeParentBackground
 0004:00003460       UxTheme.EnableTheming
 0004:00003464       UxTheme..1
 0004:00003468       UxTheme.ThemeLibrary
 0004:0000346C       UxTheme.ReferenceCount
 0004:00003470       UxTheme.Lock
 0004:00003474       Printers..3
 0004:00003478       GraphUtil..2
 0004:0000347C       ExtCtrls.TCustomTrayIcon.RM_TaskbarCreated
 0004:00003480       ExtCtrls..83
 0004:00003484       Dialogs..11
 0004:00003488       Dialogs.HelpMsg
 0004:0000348C       Dialogs.FindMsg
 0004:00003490       Dialogs.ButtonWidths
 0004:000034BC       Clipbrd.CF_PICTURE
 0004:000034BE       Clipbrd.CF_COMPONENT
 0004:000034C0       Clipbrd..2
 0004:000034C4       Clipbrd.FClipboard
 0004:000034C8       FlatSB.FlatSB_EnableScrollBar
 0004:000034CC       FlatSB.FlatSB_ShowScrollBar
 0004:000034D0       FlatSB.FlatSB_GetScrollRange
 0004:000034D4       FlatSB.FlatSB_GetScrollInfo
 0004:000034D8       FlatSB.FlatSB_GetScrollPos
 0004:000034DC       FlatSB.FlatSB_SetScrollPos
 0004:000034E0       FlatSB.FlatSB_SetScrollInfo
 0004:000034E4       FlatSB.FlatSB_SetScrollRange
 0004:000034E8       FlatSB..1
 0004:000034EC       FlatSB._FlatSB_GetScrollProp
 0004:000034F0       FlatSB._FlatSB_SetScrollProp
 0004:000034F4       FlatSB._InitializeFlatSB
 0004:000034F8       FlatSB._UninitializeFlatSB
 0004:000034FC       Themes..2
 0004:00003500       Themes.InternalServices
 0004:00003504       Menus.PopupList
 0004:00003508       Menus.ShortCutItems
 0004:0000350C       Menus..01
 0004:00003510       Menus.CommandPool
 0004:00003514       Controls.Mouse
 0004:00003518       Controls.IsVCLControlHook
 0004:00003520       Controls.NewStyleControls
 0004:00003524       Controls..33
 0004:00003528       Controls.WindowAtom
 0004:0000352A       Controls.ControlAtom
 0004:0000352C       Controls.WindowAtomString
 0004:00003530       Controls.ControlAtomString
 0004:00003534       Controls.RM_GetObjectInstance
 0004:00003538       Controls.DragControl
 0004:0000353C       Controls.DragObject
 0004:00003540       Controls.DragInternalObject
 0004:00003544       Controls.DragCapture
 0004:00003548       Controls.DragStartPos
 0004:00003550       Controls.DragSaveCursor
 0004:00003554       Controls.DragThreshold
 0004:00003558       Controls.ActiveDrag
 0004:0000355C       Controls.DragImageList
 0004:00003560       Controls.DockSiteList
 0004:00003564       Controls.QualifyingSites
 0004:00003568       Controls.DragSave
 0004:0000356C       Controls.CanvasList
 0004:00003570       Controls._WINNLSEnableIME
 0004:00003574       Controls._ImmGetContext
 0004:00003578       Controls._ImmReleaseContext
 0004:0000357C       Controls._ImmGetConversionStatus
 0004:00003580       Controls._ImmSetConversionStatus
 0004:00003584       Controls._ImmSetOpenStatus
 0004:00003588       Controls._ImmSetCompositionWindow
 0004:0000358C       Controls._ImmSetCompositionFont
 0004:00003590       Controls._ImmGetCompositionString
 0004:00003594       Controls._ImmIsIME
 0004:00003598       Controls._ImmNotifyIME
 0004:0000359C       ImgList.CachedComCtrlVer
 0004:000035A0       ImgList.ImageListWriteExProc
 0004:000035A4       ActnList..9
 0004:000035A8       Forms.Application
 0004:000035AC       Forms.Screen
 0004:000035B0       Forms..41
 0004:000035B4       Forms.RM_TaskbarCreated
 0004:000035B8       Forms.HintThreadID
 0004:000035BC       Forms.HintDoneEvent
 0004:000035C0       Forms.HintHook
 0004:000035C4       Forms.HintThread
 0004:000035C8       Forms.IdleTimerHandle
 0004:000035CC       main.Form1
 0004:000035D0       main._total_time
 0004:000035D4       main._home_time
 0004:000035D8       main._away_time
 0004:000035DC       main.mbHome
 0004:000035DD       main.mbAway
 0005:00000000       System.RaiseListPtr
 0005:00000004       System.InOutRes
 0005:00000008       Classes.GlobalLoaded
 0005:0000000C       Classes.GlobalLists
 0005:00000010       GraphUtil.CachedHighlightLum
 0005:00000014       GraphUtil.CachedHighlightColor
 0005:00000018       GraphUtil.CachedHighlight
 0005:0000001C       GraphUtil.CachedShadowLum
 0005:00000020       GraphUtil.CachedShadowColor
 0005:00000024       GraphUtil.CachedShadow
 0005:00000028       GraphUtil.CachedColorValue
 0005:0000002C       GraphUtil.CachedLumValue
 0005:00000030       GraphUtil.CachedColorAdjustLuma
 0005:00000034       SysInit.TlsLast


Line numbers for main(main.pas) segment .text

    72 0001:0005A6E0    85 0001:0005A6EA    88 0001:0005A8D4    89 0001:0005A8EA
    90 0001:0005A8F0    91 0001:0005A8F6    92 0001:0005A914    93 0001:0005A91B
    94 0001:0005A922    97 0001:0005A944    98 0001:0005A947    99 0001:0005A959
   101 0001:0005A962   102 0001:0005A969   105 0001:0005A96C   106 0001:0005A96F
   107 0001:0005A97C   108 0001:0005A989   109 0001:0005A996   110 0001:0005A9A3
   111 0001:0005A9B0   112 0001:0005A9C0   116 0001:0005A9D4   117 0001:0005A9DA
   119 0001:0005A9E2   120 0001:0005A9F2   121 0001:0005A9FF   123 0001:0005AA0E
   125 0001:0005AA16   126 0001:0005AA26   127 0001:0005AA33   129 0001:0005AA42
   131 0001:0005AA47   132 0001:0005AA57   134 0001:0005AA5E   141 0001:0005AA94
   142 0001:0005AAA2   143 0001:0005AAAB   144 0001:0005AAB1   145 0001:0005AABD
   146 0001:0005AAC9   147 0001:0005AAD5   148 0001:0005AAE1   149 0001:0005AAEF
   150 0001:0005AAFB   152 0001:0005AB02   156 0001:0005AB3C   158 0001:0005AB73
   162 0001:0005ABAC   163 0001:0005ABB1   166 0001:0005ABB4   167 0001:0005ABB7
   168 0001:0005ABBE   169 0001:0005ABC5   170 0001:0005ABCC   173 0001:0005ABD0
   174 0001:0005ABE6   175 0001:0005ABEC   176 0001:0005ABF2   177 0001:0005AC10
   178 0001:0005AC17   179 0001:0005AC1E   183 0001:0005AC40   184 0001:0005AC44
   185 0001:0005AC56   189 0001:0005AC5C   190 0001:0005AC60   191 0001:0005AC72
   195 0001:0005AC78   196 0001:0005AC88   197 0001:0005AC8F   198 0001:0005AC96
   202 0001:0005ACD8   203 0001:0005ACE8   204 0001:0005ACEF   205 0001:0005ACF6
   208 0001:0005AD38   209 0001:0005AD3B   210 0001:0005AD4D   212 0001:0005AD58
   213 0001:0005AD61   216 0001:0005AD64   217 0001:0005AD67   218 0001:0005AD6E
   219 0001:0005AD75   220 0001:0005AD7C   224 0001:0005AD80   225 0001:0005AD87
   226 0001:0005AD8E   227 0001:0005AD95   230 0001:0005AD98   231 0001:0005AD9B
   232 0001:0005ADA8   233 0001:0005ADB5   236 0001:0005ADB8   237 0001:0005ADD7
   238 0001:0005AE1A   239 0001:0005AE5D   242 0001:0005AE9C   243 0001:0005AEB2
   244 0001:0005AED6   246 0001:0005AF25

Bound resource files

d:\program files\delphi 10 lite\lib\Controls.res
main.dfm
possession_time.KLR
possession_time.res
possession_time.drf


Program entry point at 0002:000006D8
